0 ffffff91 testPrintFloat
0 ffffff92 testPrintInt
0 ffffff93 ceil
0 ffffff94 floor
0 ffffff95 sqrt
0 ffffff96 atan2
0 ffffff97 cos
0 ffffff98 sin
0 ffffff99 strncpy
0 ffffff9a memcpy
0 ffffff9b memset
0 ffffffa7 trap_R_inPVS
0 ffffffa8 trap_R_AddPolysToScene
0 ffffffa9 trap_GetEntityToken
0 ffffffaa trap_R_AddAdditiveLightToScene
0 ffffffab trap_CM_TransformedCapsuleTrace
0 ffffffac trap_CM_CapsuleTrace
0 ffffffad trap_CM_TempCapsuleModel
0 ffffffae trap_S_StopLoopingSound
0 ffffffaf trap_S_AddRealLoopingSound
0 ffffffb0 trap_R_RemapShader
0 ffffffb1 trap_CIN_SetExtents
0 ffffffb2 trap_CIN_DrawCinematic
0 ffffffb3 trap_CIN_RunCinematic
0 ffffffb4 trap_CIN_StopCinematic
0 ffffffb5 trap_CIN_PlayCinematic
0 ffffffb6 trap_R_LightForPoint
0 ffffffb7 trap_RemoveCommand
0 ffffffb8 trap_SnapVector
0 ffffffb9 trap_RealTime
0 ffffffba trap_S_StopBackgroundTrack
0 ffffffbb trap_PC_SourceFileAndLine
0 ffffffbc trap_PC_ReadToken
0 ffffffbd trap_PC_FreeSource
0 ffffffbe trap_PC_LoadSource
0 ffffffbf trap_PC_AddGlobalDefine
0 ffffffc0 trap_Key_GetKey
0 ffffffc1 trap_Key_SetCatcher
0 ffffffc2 trap_Key_GetCatcher
0 ffffffc3 trap_Key_IsDown
0 ffffffc4 trap_R_RegisterFont
0 ffffffc5 trap_MemoryRemaining
0 ffffffc6 trap_R_RegisterShaderNoMip
0 ffffffc7 trap_SetUserCmdValue
0 ffffffc8 trap_GetUserCmd
0 ffffffc9 trap_GetCurrentCmdNumber
0 ffffffca trap_GetServerCommand
0 ffffffcb trap_GetSnapshot
0 ffffffcc trap_GetCurrentSnapshotNumber
0 ffffffcd trap_GetGameState
0 ffffffce trap_GetGlconfig
0 ffffffcf trap_R_LerpTag
0 ffffffd0 trap_R_ModelBounds
0 ffffffd1 trap_R_DrawStretchPic
0 ffffffd2 trap_R_SetColor
0 ffffffd3 trap_R_RenderScene
0 ffffffd4 trap_R_AddLightToScene
0 ffffffd5 trap_R_AddPolyToScene
0 ffffffd6 trap_R_AddRefEntityToScene
0 ffffffd7 trap_R_ClearScene
0 ffffffd8 trap_R_RegisterShader
0 ffffffd9 trap_R_RegisterSkin
0 ffffffda trap_R_RegisterModel
0 ffffffdb trap_R_LoadWorldMap
0 ffffffdc trap_S_StartBackgroundTrack
0 ffffffdd trap_S_RegisterSound
0 ffffffde trap_S_Respatialize
0 ffffffdf trap_S_UpdateEntityPosition
0 ffffffe0 trap_S_AddLoopingSound
0 ffffffe1 trap_S_ClearLoopingSounds
0 ffffffe2 trap_S_StartLocalSound
0 ffffffe3 trap_S_StartSound
0 ffffffe4 trap_CM_MarkFragments
0 ffffffe5 trap_CM_TransformedBoxTrace
0 ffffffe6 trap_CM_BoxTrace
0 ffffffe7 trap_CM_TransformedPointContents
0 ffffffe8 trap_CM_PointContents
0 ffffffe9 trap_CM_TempBoxModel
0 ffffffea trap_CM_LoadModel
0 ffffffeb trap_CM_InlineModel
0 ffffffec trap_CM_NumInlineModels
0 ffffffed trap_CM_LoadMap
0 ffffffee trap_UpdateScreen
0 ffffffef trap_SendClientCommand
0 fffffff0 trap_AddCommand
0 fffffff1 trap_SendConsoleCommand
0 fffffff2 trap_FS_FCloseFile
0 fffffff3 trap_FS_Write
0 fffffff4 trap_FS_Read
0 fffffff5 trap_FS_FOpenFile
0 fffffff6 trap_Args
0 fffffff7 trap_Argv
0 fffffff8 trap_Argc
0 fffffff9 trap_Cvar_VariableStringBuffer
0 fffffffa trap_Cvar_Set
0 fffffffb trap_Cvar_Update
0 fffffffc trap_Cvar_Register
0 fffffffd trap_Milliseconds
0 fffffffe trap_Error
0 ffffffff trap_Print
0        0 vmMain
0       87 CG_RegisterCvars
0       ff CG_ForceModelChange
0      12d CG_UpdateCvars
0      180 CG_CrosshairPlayer
0      191 CG_LastAttacker
0      1a2 CG_Printf
0      1bb CG_Error
0      1e2 Com_Error
0      1fd Com_Printf
0      218 CG_Argv
0      227 CG_RegisterItemSounds
0      2c4 CG_RegisterSounds
0      7d9 CG_RegisterGraphics
0      d79 CG_BuildSpectatorString
0      dcd CG_RegisterClients
0      e27 CG_ConfigString
0      e48 CG_StartMusic
0      e7c CG_Init
0      fa0 CG_Shutdown
0      fa3 CG_EventHandling
0      fa6 CG_KeyEvent
0      fa9 CG_MouseEvent
0      fac CG_TargetCommand_f
0      fde CG_SizeUp_f
0      ff4 CG_SizeDown_f
0     100a CG_Viewpos_f
0     1022 CG_ScoresDown_f
0     1044 CG_ScoresUp_f
0     1052 CG_TellTarget_f
0     107d CG_TellAttacker_f
0     10a8 CG_SelectMainGun_f
0     10e7 CG_NightVision_f
0     1121 CG_InGameHelp_f
0     1132 CG_VoiceTellTarget_f
0     115d CG_VoiceTellAttacker_f
0     1188 CG_StartOrbit_f
0     11bb CG_ConsoleCommand
0     11f9 CG_InitConsoleCommands
0     12a2 CG_DrawField
0     143c CG_Draw3DModel
0     14b5 CG_DrawHead
0     156e CG_DrawFlagModel
0     1626 CG_DrawStatusBarHead
0     1793 CG_DrawStatusBarFlag
0     17ac CG_DrawTeamBackground
0     17fd CG_DrawStatusBar
0     1ab0 CG_DrawKills
0     1d1e CG_DrawSnapshot
0     1d5e CG_DrawFPS
0     1dfd CG_DrawTimer
0     1e6a CG_DrawTeamOverlay
0     2196 CG_DrawUpperRight
0     2205 CG_DrawLowArmor
0     2244 CG_DrawRadiation
0     22ce CG_DrawScores
0     2626 CG_DrawPowerups
0     27d9 CG_DrawLowerRight
0     2843 CG_DrawPickupItem
0     28b5 CG_DrawGameTimeLeft
0     297e CG_DrawRadar
0     2c1a IGH_GetNextLine
0     2c74 CG_DrawInGameHelp
0     2e19 CG_DrawLowerLeft
0     2e66 CG_DrawTeamInfo
0     2fab CG_DrawHoldableItem
0     2fd7 CG_DrawReward
0     3100 CG_AddLagometerFrameInfo
0     3120 CG_AddLagometerSnapshotInfo
0     3163 CG_DrawDisconnect
0     31d9 CG_DrawLagometer
0     33f3 CG_CenterPrint
0     3431 CG_DrawCenterString
0     350a CG_DrawCrosshair
0     3635 CG_ScanForCrosshairEntity
0     36a4 CG_DrawCrosshairNames
0     38c1 CG_DrawSpectator
0     3916 CG_DrawVote
0     3961 CG_DrawTeamVote
0     39e1 CG_DrawScoreboard
0     39eb CG_DrawIntermission
0     3a03 CG_DrawFollow
0     3ad5 CG_DrawWarmup
0     3d1b CG_Draw2D
0     3eff CG_DrawTourneyScoreboard
0     3f05 CG_DrawActive
0     3f90 CG_AdjustFrom640
0     3fc7 CG_FillRect
0     4001 CG_DrawSides
0     4062 CG_DrawTopBottom
0     40c3 CG_DrawRect
0     40f5 CG_DrawPic
0     4127 CG_DrawChar
0     4196 CG_DrawStringExt
0     42c5 CG_DrawBigString
0     42fd CG_DrawBigStringColor
0     4323 CG_DrawSmallString
0     4357 CG_DrawSmallStringColor
0     4378 CG_DrawStrlen
0     43c0 CG_TileClearBox
0     4407 CG_TileClear
0     449e CG_FadeColor
0     44e2 CG_TeamColor
0     4505 CG_GetColorForHealth
0     459e CG_ColorForHealth
0     45b3 UI_DrawBannerString2
0     4679 UI_DrawBannerString
0     4727 UI_ProportionalStringWidth
0     476a UI_DrawProportionalString2
0     4835 UI_ProportionalSizeScale
0     4844 UI_DrawProportionalString
0     4998 CG_BubbleTrail
0     4b36 CG_SmokePuff
0     4cbe CG_SpawnEffect
0     4d56 CG_MakeExplosion
0     4e6d Inv_GetAlienBloodColor
0     4f28 CG_Bleed
0     4fe1 CG_LaunchGib
0     510d CG_GibPlayer
0     5456 CG_GibEgg
0     55e0 CG_LaunchExplode
0     565f CG_PositionEntityOnTag
0     572c CG_PositionRotatedEntityOnTag
0     57f6 CG_SetEntitySoundPosition
0     5853 CG_EntityEffects
0     58ec CG_General
0     5949 CG_Speaker
0     59ac CG_Item
0     5d10 CG_Missile
0     5f59 CG_Grapple
0     5fcc CG_Mover
0     603e CG_Beam
0     606a CG_Portal
0     60d9 CG_AdjustPositionForMover
0     6195 CG_InterpolateEntityPosition
0     6255 CG_CalcEntityLerpPositions
0     62f4 CG_TeamBase
0     6348 CG_AddCEntity
0     63d2 CG_AddPacketEntities
0     6480 CG_PlaceString
0     652a Inv_ModToWeapon
0     65a7 CG_Obituary
0     6909 CG_UseItem
0     69ad CG_ItemPickup
0     69e3 CG_PainEvent
0     6a3e CG_EntityEvent
0     7787 CG_CheckEvents
0     781d CG_DrawLoadingIcons
0     78f6 CG_LoadingString
0     7906 CG_LoadingItem
0     7947 CG_LoadingClient
0     7a69 CG_CachingClient
0     7ab0 CG_ResetLoadingIcons
0     7ab6 CG_DrawInformation
0     7d61 CG_InitLocalEntities
0     7d97 CG_FreeLocalEntity
0     7dd0 CG_AllocLocalEntity
0     7e0e CG_BloodTrail
0     7eee CG_FragmentBounceMark
0     7fff CG_FragmentBounceSound
0     8053 CG_ReflectVelocity
0     8149 CG_AddFragment
0     8251 CG_AddFadeRGB
0     8323 CG_AddMoveScaleFade
0     840e CG_AddScaleFade
0     84a7 CG_AddFallScaleFade
0     8559 CG_AddExplosion
0     85ca CG_AddSpriteExplosion
0     871b Inv_Tracer
0     8946 CG_AddLocalEntities
0     89ce CG_InitMarkPolys
0     8a04 CG_FreeMarkPoly
0     8a3d CG_AllocMark
0     8a94 CG_ImpactMark
0     8d20 CG_AddMarks
0     8f3d CG_ClearParticles
0     8fe0 CG_AddParticleToScene
0     a80a CG_AddParticles
0     aa0f CG_ParticleSnowFlurry
0     abab CG_ParticleSnow
0     ad01 CG_ParticleBubble
0     ae80 CG_ParticleSmoke
0     af7f CG_ParticleBulletDebris
0     b040 CG_ParticleExplosion
0     b14b CG_AddParticleShrapnel
0     b14e CG_NewParticleArea
0     b28f CG_SnowLink
0     b2d5 CG_ParticleImpactSmokePuff
0     b3b8 CG_Particle_Bleed
0     b49c CG_Particle_OilParticle
0     b59e CG_Particle_OilSlick
0     b6df CG_OilSlickRemove
0     b72a ValidBloodPool
0     b830 CG_BloodPool
0     b929 CG_ParticleBloodCloud
0     ba65 CG_ParticleSparks
0     bbdb CG_ParticleDust
0     bde1 CG_ParticleMisc
0     be81 CG_CustomSound
0     bef1 CG_ParseAnimationFile
0     c338 CG_FileExists
0     c354 CG_FindClientModelFile
0     c4b7 CG_FindClientHeadFile
0     c62b CG_RegisterClientSkin
0     c6f8 CG_RegisterClientModelname
0     c954 CG_ColorFromString
0     c9b8 CG_LoadClientInfo
0     cb98 CG_CopyClientInfoModel
0     cc67 CG_ScanForExistingClientInfo
0     cde3 CG_SetDeferredClientInfo
0     cf13 CG_NewClientInfo
0     d29a CG_LoadDeferredPlayers
0     d2e4 CG_InvCacheAllModels
0     d474 CG_SetLerpFrameAnimation
0     d4ca CG_RunLerpFrame
0     d6ac CG_ClearLerpFrame
0     d6e9 CG_PlayerAnimation
0     d7c0 CG_SwingAngles
0     d8c5 CG_AddPainTwitch
0     d90c CG_PlayerAngles
0     db45 CG_HasteTrail
0     dbc2 CG_TrailItem
0     dc4f CG_PlayerFlag
0     ddf8 CG_PlayerPowerups
0     df94 CG_PlayerFloatSprite
0     dfe0 CG_PlayerSprites
0     e081 CG_PlayerShadow
0     e11a CG_PlayerSplash
0     e20d Inv_NightVisionShader
0     e269 CG_AddRefEntityWithPowerups
0     e30a CG_LightVerts
0     e43a Inv_GetInfoForDead
0     e505 CG_Player
0     e6dd CG_ResetPlayerEntity
0     e7dd CG_CheckAmmo
0     e892 CG_DamageFeedback
0     e9d5 CG_Respawn
0     e9e6 CG_CheckPlayerstateEvents
0     eac8 CG_CheckChangedPredictableEvents
0     eb55 pushReward
0     eb82 CG_CheckLocalSounds
0     ee88 CG_TransitionPlayerState
0     ef3e CG_BuildSolidList
0     f007 CG_ClipMoveToEntities
0     f0f8 CG_Trace
0     f13c CG_PointContents
0     f1ac CG_InterpolatePlayerState
0     f2e1 CG_TouchItem
0     f398 CG_TouchTriggerPrediction
0     f44b CG_PredictPlayerState
0     f6ed CG_DrawClientScore
0     fa40 CG_TeamScoreboard
0     faf3 CG_DrawOldScoreboard
0     fef4 CG_CenterGiantLine
0     ff34 CG_DrawOldTourneyScoreboard
0    100fb CG_ParseScores
0    1031f CG_ParseTeamInfo
0    103ee CG_ParseServerinfo
0    104ec CG_ParseWarmup
0    1052f CG_ParseGameTimeLeft
0    10552 CG_ParseInvasionInfo
0    1057f CG_ParseInvGoalPos
0    10594 CG_ParseInvClientStat
0    10670 CG_ParseInvRadar
0    10681 CG_SetConfigValues
0    106fc CG_ShaderStateChanged
0    107b4 CG_ConfigStringModified
0    109d0 CG_AddToTeamChat
0    10b89 CG_MapRestart
0    10c0f CG_ParseVoiceChats
0    10e75 CG_LoadVoiceChats
0    10ed7 CG_HeadModelVoiceChats
0    10f71 CG_GetVoiceChat
0    10fe5 CG_VoiceChatListForClient
0    111b3 CG_PlayVoiceChat
0    111b6 CG_PlayBufferedVoiceChats
0    111b9 CG_AddBufferedVoiceChat
0    111bc CG_VoiceChatLocal
0    111bf CG_VoiceChat
0    11258 CG_RemoveChatEscapeChar
0    1129e CG_ServerCommand
0    11511 CG_ExecuteNewServerCommands
0    11538 CG_ResetEntity
0    1157c CG_TransitionEntity
0    115b6 CG_SetInitialSnapshot
0    11637 CG_TransitionSnapshot
0    11748 CG_SetNextSnap
0    1181d CG_ReadNextSnapshot
0    1188c CG_ProcessSnapshots
0    1193c CG_TestModel_f
0    119c7 CG_TestGun_f
0    119d3 CG_TestModelNextFrame_f
0    119e9 CG_TestModelPrevFrame_f
0    11a06 CG_TestModelNextSkin_f
0    11a1c CG_TestModelPrevSkin_f
0    11a39 CG_AddTestModel
0    11ac4 CG_CalcVrect
0    11b31 CG_OffsetThirdPersonView
0    11ef0 CG_StepOffset
0    11f2b CG_OffsetFirstPersonView
0    121af CG_ZoomDown_f
0    121bf CG_ZoomUp_f
0    121cf CG_CalcFov
0    1239c CG_DamageBlendBlob
0    12476 CG_CalcViewValues
0    125d3 CG_PowerupTimerSounds
0    12623 CG_AddBufferedSound
0    1264d CG_PlayBufferedSounds
0    12686 CG_DrawActiveFrame
0    12814 CG_MachineGunEjectBrass
0    129fb CG_ShotgunEjectBrass
0    12c10 CG_RailTrail
0    12fc2 CG_RocketTrail
0    130b0 CG_PlasmaTrail
0    1336f CG_GrappleTrail
0    13400 CG_GrenadeTrail
0    1340c CG_RegisterWeapon
0    13ae8 CG_RegisterItemVisuals
0    13ce9 CG_MapTorsoToWeaponFrame
0    13d5a CG_CalculateWeaponPosition
0    13e3f Inv_DrawFlameTrail
0    14089 Inv_FlameTrail
0    143ed CG_LightningBolt
0    1452b CG_MachinegunSpinAngle
0    14613 CG_AddWeaponWithPowerups
0    14657 CG_AddPlayerWeapon
0    14963 CG_AddViewWeapon
0    14b5c CG_DrawWeaponSelect
0    14ca3 CG_WeaponSelectable
0    14cc8 CG_NextWeapon_f
0    14d3a CG_PrevWeapon_f
0    14dac CG_Weapon_f
0    14df1 CG_OutOfAmmoChange
0    14e16 CG_FireWeapon
0    14f0d CG_MissileHitWall
0    15211 CG_MissileHitPlayer
0    1523f CG_ShotgunPellet
0    1532a CG_ShotgunPattern
0    15406 CG_ShotgunFire
0    154e0 Inv_CreateTracer
0    1556d CG_CalcMuzzlePoint
0    1566d Inv_CalcMuzzlePoint
0    1569c CG_Bullet
0    1576e CG_BackWeaponInit
0    1577f PM_SlideMove
0    15bc9 PM_StepSlideMove
0    15e2c Inv_GetVectorFromStat
0    15e83 Inv_QuatNormalize
0    15eed Inv_GetQuatFromStat
0    15f76 Inv_MatrixToAngles
0    1607e Inv_AxisToQuat
0    160ea Inv_GetQuatMaxDelta
0    16125 Inv_GetInvertAxis
0    1616c Inv_MulQuat
0    16292 Inv_FinbBestInvertAxisForQuat
0    16335 Inv_QuatToMatrix
0    16492 Inv_QuatMultiply
0    164b8 Inv_GetAngleDiff
0    16532 Inv_ComputeDynYaw
0    16635 Inv_QuatIntToStat
0    16679 Inv_FinishDynYaw
0    166b8 Inv_QuatToInt
0    166de Inv_ApplyGravityRotation
0    16acb Inv_RemoveGravityComponent
0    16b19 Inv_IsFiring
0    16b3a PM_AddEvent
0    16b49 PM_AddEventParm
0    16b59 PM_AddTouchEnt
0    16bae PM_StartTorsoAnim
0    16bd4 PM_StartLegsAnim
0    16c04 PM_ContinueLegsAnim
0    16c24 PM_ContinueTorsoAnim
0    16c44 PM_ForceLegsAnim
0    16c54 PM_ClipVelocity
0    16ccd PM_Friction
0    16e24 PM_Accelerate
0    16ea0 PM_CmdScale
0    16f77 PM_SetMovementDir
0    170c3 PM_CheckJump
0    17276 PM_LadderMove
0    173a7 CheckLadder
0    17491 PM_CheckWaterJump
0    17578 PM_WaterJumpMove
0    175d5 PM_WaterMove
0    17708 PM_FlyMove
0    17795 PM_AirMove
0    178ac PM_GrappleMove
0    17963 PM_WalkMove
0    17c04 PM_DeadMove
0    17c7d PM_NoclipMove
0    17dd3 PM_FootstepForSurface
0    17dec PM_CrashLand
0    17fef PM_CorrectAllSolid
0    180ec PM_GroundTraceMissed
0    181d6 PM_CheckDuck
0    186e4 Inv_ApplyNewGround
0    189eb Inv_CheckNewGround
0    18be9 PM_GroundTrace
0    18fc0 PM_SetWaterLevel
0    1908d PM_Footsteps
0    19239 PM_WaterEvents
0    19290 PM_BeginWeaponChange
0    192da PM_FinishWeaponChange
0    19322 PM_TorsoAnimation
0    19341 PM_Fire
0    19436 PM_SpecialWeapon
0    19589 PM_SpecialWeapon2
0    197a9 PM_Weapon
0    19bfb PM_Animate
0    19c20 PM_DropTimers
0    19ccc PM_UpdateViewAngles
0    19d70 PM_InvasionFreezed
0    19d8e PmoveSingle
0    1a173 Pmove
0    1a24b swapfunc
0    1a2d2 med3
0    1a355 qsort
0    1a70e strlen
0    1a729 strcat
0    1a76c strcpy
0    1a7a1 strcmp
0    1a7da strchr
0    1a7f9 strstr
0    1a83f tolower
0    1a857 toupper
0    1a86f memmove
0    1a8b6 acos
0    1a8da tan
0    1a8f1 srand
0    1a8f8 rand
0    1a90d atof
0    1a9d2 _atof
0    1aa9d atoi
0    1ab15 _atoi
0    1ab97 abs
0    1abac fabs
0    1abc1 AddInt
0    1ac9c AddFloat
0    1adaa AddString
0    1ae41 vsprintf
0    1afd9 sscanf
0    1b044 BG_FindItemForPowerup
0    1b087 BG_FindItemForHoldable
0    1b0c1 BG_FindItemForWeapon
0    1b0f4 BG_FindItem
0    1b11f BG_PlayerTouchesItem
0    1b17f BG_CanItemBeGrabbed
0    1b330 BG_EvaluateTrajectory
0    1b500 BG_EvaluateTrajectoryDelta
0    1b5fa BG_AddPredictableEventToPlayerstate
0    1b635 BG_TouchJumpPad
0    1b6a5 BG_PlayerStateToEntityState
0    1b8c6 BG_PlayerStateToEntityStateExtraPolate
0    1baf4 Q_rand
0    1bb09 Q_random
0    1bb1b Q_crandom
0    1bb2c VectorCompare
0    1bb64 VectorLength
0    1bb97 VectorLengthSquared
0    1bbc3 Distance
0    1bc04 DistanceSquared
0    1bc52 VectorNormalizeFast
0    1bcb1 VectorInverse
0    1bcd9 CrossProduct
0    1bd52 ClampChar
0    1bd69 ClampShort
0    1bd80 DirToByte
0    1bddb ByteToDir
0    1bdf9 ColorBytes3
0    1be68 ColorBytes4
0    1befa NormalizeColor
0    1bf70 PlaneFromPoints
0    1c02e RotatePointAroundVector
0    1c139 RotateAroundDirection
0    1c17d vectoangles
0    1c239 AnglesToAxis
0    1c26e AxisClear
0    1c2a5 AxisCopy
0    1c2c9 ProjectPointOnPlane
0    1c388 MakeNormalVectors
0    1c433 VectorRotate
0    1c4d0 Q_rsqrt
0    1c507 Q_fabs
0    1c517 LerpAngle
0    1c548 AngleSubtract
0    1c56d AnglesSubtract
0    1c5bb AngleMod
0    1c5cd AngleNormalize360
0    1c5db AngleNormalize180
0    1c5f6 AngleDelta
0    1c606 SetPlaneSignbits
0    1c633 BoxOnPlaneSide
0    1c9f4 RadiusFromBounds
0    1ca47 ClearBounds
0    1ca7e AddPointToBounds
0    1cb17 VectorNormalize
0    1cb87 VectorNormalize2
0    1cc15 _VectorMA
0    1cc57 _DotProduct
0    1cc8c _VectorSubtract
0    1ccc5 _VectorAdd
0    1ccfe _VectorCopy
0    1cd25 _VectorScale
0    1cd55 Vector4Scale
0    1cd97 Q_log2
0    1cdb6 MatrixMultiply
0    1cf8b AngleVectors
0    1d083 PerpendicularVector
0    1d0ef TransposeMatrix
0    1d130 Inv_RelativePosition
0    1d1fb Com_Clamp
0    1d215 COM_SkipPath
0    1d239 COM_StripExtension
0    1d26f COM_DefaultExtension
0    1d2b7 ShortSwap
0    1d2d7 ShortNoSwap
0    1d2e2 LongSwap
0    1d315 LongNoSwap
0    1d31b Long64Swap
0    1d358 Long64NoSwap
0    1d360 FloatSwap
0    1d376 FloatNoSwap
0    1d37d COM_BeginParseSession
0    1d38f COM_GetCurrentParseLine
0    1d395 COM_Parse
0    1d3a4 COM_ParseError
0    1d3c4 COM_ParseWarning
0    1d3e4 SkipWhitespace
0    1d41b COM_Compress
0    1d56e COM_ParseExt
0    1d6ba COM_MatchToken
0    1d6e3 SkipBracedSection
0    1d721 SkipRestOfLine
0    1d759 Parse1DMatrix
0    1d798 Parse2DMatrix
0    1d7d3 Parse3DMatrix
0    1d818 Q_isprint
0    1d82d Q_islower
0    1d842 Q_isupper
0    1d857 Q_isalpha
0    1d878 Q_strrchr
0    1d8ac Q_strncpyz
0    1d8e7 Q_stricmpn
0    1d972 Q_strncmp
0    1d9c4 Q_stricmp
0    1d9ec Q_strlwr
0    1da12 Q_strupr
0    1da38 Q_strcat
0    1da64 Q_PrintStrlen
0    1dab4 Q_CleanStr
0    1db1a Com_sprintf
0    1db59 va
0    1db86 Info_ValueForKey
0    1dc66 Info_NextPair
0    1dd04 Info_RemoveKey
0    1ddd4 Info_RemoveKey_Big
0    1dea4 Info_Validate
0    1decb Info_SetValueForKey
0    1df9b Info_SetValueForKey_Big
0    1e063 Inv_InitAlphaToNum
0    1e09b Inv_AlphaFromNum
0    1e0a4 Inv_NumFromAlpha
0    1e0b1 Inv_StringFromNum
0    1e0e8 Inv_NumFromString
1        4 forceModelModificationCount
1       2c cvarTable
1      5dc cvarTableSize
1      60c commands
1      6dc drawTeamOverlayModificationCount
1      6e0 IGH_Armor
1      6f0 IGH_Weapon
1      704 IGH_Race
1      714 IGH_AlienGoal
1      73c IGH_MarineGoal
1      764 RedTeamColor
1      774 BlueTeamColor
1      888 propMap
1      e88 propMapB
1     133c shaderAnimNames
1     13bc shaderAnimCounts
1     143c shaderAnimSTRatio
1     14bc cl_numparticles
1     14c0 initparticles
1     14c4 roll
1     14c8 cg_customSoundNames
1     15e0 numValidOrders
1     15fc InvasionAlienFov
1     169c pm_stopspeed
1     16a0 pm_duckScale
1     16a4 pm_InvduckScale
1     16a8 pm_swimScale
1     16ac pm_wadeScale
1     16b0 pm_LadderScale
1     16b4 pm_accelerate
1     16b8 pm_airaccelerate
1     16bc pm_wateraccelerate
1     16c0 pm_flyaccelerate
1     16c4 pm_LadderAccelerate
1     16c8 pm_friction
1     16cc pm_waterfriction
1     16d0 pm_flightfriction
1     16d4 pm_spectatorfriction
1     16d8 pm_Ladderfriction
1     16dc c_pmove
1     16e0 InvasionMarineJumpTime
1     16f0 InvasionAlienJumpTime
1     1700 InvasionAlienJumpAcc
1     1710 Inv_MarineCharger
1     1744 Inv_ReloadTime
1     1778 JumpTime
1     177c WallWalk
1     17d0 acostable
1     27d0 randSeed
1     2844 AlienModel
1     2858 MaleMarineModel
1     286c FemaleMarineModel
1     2880 bg_itemlist
1     3170 bg_numItems
1     31c8 eventnames
1     32f8 vec3_origin
1     3304 axisDefault
1     3328 colorBlack
1     3338 colorRed
1     3348 colorGreen
1     3358 colorBlue
1     3368 colorYellow
1     3378 colorMagenta
1     3388 colorCyan
1     3398 colorWhite
1     33a8 colorLtGrey
1     33b8 colorMdGrey
1     33c8 colorDkGrey
1     33d8 g_color_table
1     3458 bytedirs
1     1598 validOrders
2     6028 NumToAlpha
2   3ad598 _stackStart
2   3bd598 _stackEnd
3      400 cg_pmove_msec
3      510 cg_hudFiles
3      620 cg_trueLightning
3      730 cg_oldPlasma
3      840 cg_oldRocket
3      950 cg_oldRail
3      a60 cg_noProjectileTrail
3      b70 cg_noTaunt
3      c80 cg_bigFont
3      d90 cg_smallFont
3      ea0 cg_cameraMode
3      fb0 cg_timescale
3     10c0 cg_timescaleFadeSpeed
3     11d0 cg_timescaleFadeEnd
3     12e0 cg_cameraOrbitDelay
3     13f0 cg_cameraOrbit
3     1500 pmove_msec
3     1610 pmove_fixed
3     1720 cg_smoothClients
3     1830 cg_noVoiceText
3     1940 cg_noVoiceChats
3     1a50 cg_teamChatsOnly
3     1b60 cg_drawFriend
3     1c70 cg_deferPlayers
3     1d80 cg_predictItems
3     1e90 cg_blood
3     1fa0 cg_paused
3     20b0 cg_buildScript
3     21c0 cg_forceModel
3     22d0 cg_stats
3     23e0 cg_teamChatHeight
3     24f0 cg_teamChatTime
3     2600 cg_synchronousClients
3     2710 cg_drawAttacker
3     2820 cg_lagometer
3     2930 cg_stereoSeparation
3     2a40 cg_thirdPerson
3     2b50 cg_thirdPersonAngle
3     2c60 cg_thirdPersonRange
3     2d70 cg_zoomFov
3     2e80 cg_fov
3     2f90 cg_simpleItems
3     30a0 cg_ignore
3     31b0 cg_autoswitch
3     32c0 cg_tracerLength
3     33d0 cg_tracerWidth
3     34e0 cg_tracerChance
3     35f0 cg_viewsize
3     3700 cg_drawGun
3     3810 cg_gun_z
3     3920 cg_gun_y
3     3a30 cg_gun_x
3     3b40 cg_gun_frame
3     3c50 cg_brassTime
3     3d60 cg_addMarks
3     3e70 cg_footsteps
3     3f80 cg_showmiss
3     4090 cg_noPlayerAnims
3     41a0 cg_nopredict
3     42b0 cg_errorDecay
3     43c0 cg_railTrailTime
3     44d0 cg_debugEvents
3     45e0 cg_debugPosition
3     46f0 cg_debugAnim
3     4800 cg_animSpeed
3     4910 cg_draw2D
3     4a20 cg_drawStatus
3     4b30 cg_crosshairHealth
3     4c40 cg_crosshairSize
3     4d50 cg_crosshairY
3     4e60 cg_crosshairX
3     4f70 cg_teamOverlayUserinfo
3     5080 cg_drawTeamOverlay
3     5190 cg_drawRewards
3     52a0 Inv_cg_DrawInGameHelp
3     53b0 Inv_cg_PrecacheAllModels
3     54c0 Inv_cg_drawCrosshairSpectator
3     55d0 cg_drawCrosshairNames
3     56e0 cg_drawCrosshair
3     57f0 cg_drawAmmoWarning
3     5900 cg_drawIcons
3     5a10 cg_draw3dIcons
3     5b20 cg_drawSnapshot
3     5c30 cg_drawFPS
3     5d40 cg_drawTimer
3     5e50 cg_gibs
3     5f60 cg_shadows
3     6070 cg_swingSpeed
3     6180 cg_bobroll
3     6290 cg_bobpitch
3     63a0 cg_bobup
3     64b0 cg_runroll
3     65c0 cg_runpitch
3     66d0 cg_centertime
3     67e0 cg_items
3     7fe0 cg_weapons
3     892c cg_entities
3    c892c cg
3    e7514 cgs
3   11214c lagometer
3   112754 teamChat2
3   112854 teamChat1
3   112954 systemChat
3   112a54 numSortedTeamPlayers
3   112a58 sortedTeamPlayers
3   112b3c loadingItemIcons
3   112ba4 loadingPlayerIcons
3   112be4 loadingItemIconCount
3   112be8 loadingPlayerIconCount
3   112bec cg_freeLocalEntities
3   112bf0 cg_activeLocalEntities
3   112d14 cg_localEntities
3   137514 oldtime
3   137518 rup
3   137524 rright
3   137530 rforward
3   13753c pvup
3   137548 pvright
3   137554 pvforward
3   137560 particles
3   156560 free_particles
3   156564 active_particles
3   156568 numShaderAnims
3   15656c shaderAnims
3   15856c markTotal
3   158570 cg_freeMarkPolys
3   158574 cg_activeMarkPolys
3   158694 cg_markPolys
3   16a694 cg_triggerEntities
3   16aa94 cg_numTriggerEntities
3   16aa98 cg_solidEntities
3   16ae98 cg_numSolidEntities
3   16ae9c cg_pmove
3   16af84 localClient
3   16af88 voiceChatBuffer
3   16d688 headModelVoiceChat
3   16e788 voiceChatLists
3   3971c8 MarineArmor
3   3971cc AlienRace
3   3971d0 InvI
3   3971d4 pml
3   397264 pm
3   397268 Gravity
3   3acc92 AlphaToNum
3   3acd94 com_lines
3   3acd98 com_parsename
3   3ad198 com_token
