0 ffffff93 ceil
0 ffffff94 floor
0 ffffff95 sqrt
0 ffffff96 atan2
0 ffffff97 cos
0 ffffff98 sin
0 ffffff99 strncpy
0 ffffff9a memcpy
0 ffffff9b memset
0 ffffffaa trap_LAN_CompareServers
0 ffffffab trap_LAN_ServerIsVisible
0 ffffffac trap_LAN_GetServerPing
0 ffffffad trap_LAN_ServerStatus
0 ffffffae trap_VerifyCDKey
0 ffffffaf trap_R_RemapShader
0 ffffffb0 trap_CIN_SetExtents
0 ffffffb1 trap_CIN_DrawCinematic
0 ffffffb2 trap_CIN_RunCinematic
0 ffffffb3 trap_CIN_StopCinematic
0 ffffffb4 trap_CIN_PlayCinematic
0 ffffffb5 trap_LAN_RemoveServer
0 ffffffb6 trap_LAN_AddServer
0 ffffffb7 trap_LAN_SaveCachedServers
0 ffffffb8 trap_LAN_LoadCachedServers
0 ffffffb9 trap_LAN_ResetPings
0 ffffffba trap_LAN_UpdateVisiblePings
0 ffffffbb trap_LAN_MarkServerVisible
0 ffffffbc trap_LAN_GetServerInfo
0 ffffffbd trap_LAN_GetServerAddressString
0 ffffffbe trap_LAN_GetServerCount
0 ffffffbf trap_RealTime
0 ffffffc0 trap_S_StartBackgroundTrack
0 ffffffc1 trap_S_StopBackgroundTrack
0 ffffffc2 trap_PC_SourceFileAndLine
0 ffffffc3 trap_PC_ReadToken
0 ffffffc4 trap_PC_FreeSource
0 ffffffc5 trap_PC_LoadSource
0 ffffffc6 trap_PC_AddGlobalDefine
0 ffffffc7 trap_R_ModelBounds
0 ffffffc8 trap_R_RegisterFont
0 ffffffc9 trap_SetCDKey
0 ffffffca trap_GetCDKey
0 ffffffcb trap_MemoryRemaining
0 ffffffcc trap_Cvar_Update
0 ffffffcd trap_Cvar_Register
0 ffffffce trap_LAN_GetPingInfo
0 ffffffcf trap_LAN_GetPing
0 ffffffd0 trap_LAN_ClearPing
0 ffffffd1 trap_LAN_GetPingQueueCount
0 ffffffd2 trap_GetConfigString
0 ffffffd3 trap_GetClientState
0 ffffffd4 trap_GetGlconfig
0 ffffffd5 trap_GetClipboardData
0 ffffffd6 trap_Key_SetCatcher
0 ffffffd7 trap_Key_GetCatcher
0 ffffffd8 trap_Key_ClearStates
0 ffffffd9 trap_Key_SetOverstrikeMode
0 ffffffda trap_Key_GetOverstrikeMode
0 ffffffdb trap_Key_IsDown
0 ffffffdc trap_Key_SetBinding
0 ffffffdd trap_Key_GetBindingBuf
0 ffffffde trap_Key_KeynumToStringBuf
0 ffffffdf trap_S_StartLocalSound
0 ffffffe0 trap_S_RegisterSound
0 ffffffe1 trap_CM_LoadModel
0 ffffffe2 trap_CM_LerpTag
0 ffffffe3 trap_UpdateScreen
0 ffffffe4 trap_R_DrawStretchPic
0 ffffffe5 trap_R_SetColor
0 ffffffe6 trap_R_RenderScene
0 ffffffe7 trap_R_AddLightToScene
0 ffffffe8 trap_R_AddPolyToScene
0 ffffffe9 trap_R_AddRefEntityToScene
0 ffffffea trap_R_ClearScene
0 ffffffeb trap_R_RegisterShaderNoMip
0 ffffffec trap_R_RegisterSkin
0 ffffffed trap_R_RegisterModel
0 ffffffee trap_FS_GetFileList
0 ffffffef trap_FS_FCloseFile
0 fffffff0 trap_FS_Write
0 fffffff1 trap_FS_Read
0 fffffff2 trap_FS_FOpenFile
0 fffffff3 trap_Cmd_ExecuteText
0 fffffff4 trap_Argv
0 fffffff5 trap_Argc
0 fffffff6 trap_Cvar_InfoStringBuffer
0 fffffff7 trap_Cvar_Create
0 fffffff8 trap_Cvar_Reset
0 fffffff9 trap_Cvar_SetValue
0 fffffffa trap_Cvar_VariableStringBuffer
0 fffffffb trap_Cvar_VariableValue
0 fffffffc trap_Cvar_Set
0 fffffffd trap_Milliseconds
0 fffffffe trap_Print
0 ffffffff trap_Error
0        0 vmMain
0       7c UI_RegisterCvars
0       b1 UI_UpdateCvars
0       d4 UI_Alloc
0       fe UI_InitMemory
0      107 UI_ParseInfos
0      1f5 UI_LoadArenasFromFile
0      275 UI_LoadArenas
0      487 UI_GetArenaInfoByNumber
0      4ea UI_GetArenaInfoByMap
0      525 UI_GetSpecialArenaInfo
0      560 UI_LoadBotsFromFile
0      5e9 UI_LoadBots
0      66a UI_GetBotInfoByNumber
0      695 UI_GetBotInfoByName
0      6d4 UI_GetBestScore
0      75f UI_SetBestScore
0      7e6 UI_LogAwardData
0      849 UI_GetAwardLevel
0      873 UI_TierCompleted
0      90f UI_ShowTierVideo
0      961 UI_CanShowTierVideo
0      9a6 UI_GetCurrentGame
0      a36 UI_NewGame
0      a6a UI_GetNumArenas
0      a70 UI_GetNumSPArenas
0      a76 UI_GetNumSPTiers
0      a7e UI_GetNumBots
0      a84 UI_SPUnlock_f
0      ada UI_SPUnlockMedals_f
0      b14 UI_InitGameinfo
0      b3a Com_Error
0      b5c Com_Printf
0      b7e UI_ClampCvar
0      b98 UI_StartDemoLoop
0      ba2 UI_PushMenu
0      c3d UI_PopMenu
0      c71 UI_ForceMenuOff
0      c97 UI_LerpColor
0      cf2 UI_DrawBannerString2
0      db8 UI_DrawBannerString
0      e66 UI_ProportionalStringWidth
0      ea9 UI_DrawProportionalString2
0      f72 UI_ProportionalSizeScale
0      f81 UI_DrawProportionalString
0     10d5 UI_DrawString2
0     11bf UI_DrawString
0     12d7 UI_DrawChar
0     12f2 UI_IsFullscreen
0     130d NeedCDAction
0     131b NeedCDKeyAction
0     1329 UI_SetActiveMenu
0     1391 UI_KeyEvent
0     13d7 UI_MouseEvent
0     14dd UI_Argv
0     14ec UI_Cvar_VariableString
0     14fb UI_Cache_f
0     1555 Inv_UI_ErrorBox
0     15d8 Inv_atol
0     1618 UI_ConsoleCommand
0     1757 UI_Shutdown
0     175a UI_Init
0     1793 UI_AdjustFrom640
0     17cd UI_DrawNamedPic
0     180a UI_DrawHandlePic
0     1864 UI_FillRect
0     189e UI_DrawRect
0     194b UI_SetColor
0     1954 UI_UpdateScreen
0     195a UI_Refresh
0     1a31 UI_DrawTextBox
0     1a94 UI_CursorInRect
0     1abf UI_CinematicsMenu_BackEvent
0     1acb UI_CinematicsMenu_Event
0     1b18 UI_CinematicsMenu_Init
0     1dee UI_CinematicsMenu_Cache
0     1e05 UI_CinematicsMenu
0     1e10 UI_CinematicsMenu_f
0     1e34 UI_ReadableSize
0     1ee9 UI_PrintTime
0     1f4a UI_DisplayDownloadInfo
0     215f UI_DrawConnectScreen
0     2257 UI_KeyConnect
0     2265 Controls_InitCvars
0     22b5 Controls_GetCvarDefault
0     22ec Controls_GetCvarValue
0     2323 Controls_UpdateModel
0     241d Controls_Update
0     261f Controls_DrawKeyBinding
0     27c8 Controls_StatusBar
0     27d8 Controls_DrawPlayer
0     282d Controls_GetKeyAssignment
0     2887 Controls_GetConfig
0     296c Controls_SetConfig
0     2a29 Controls_SetDefaults
0     2abe Controls_MenuKey
0     2c5b Controls_ResetDefaults_Action
0     2c6d Controls_ResetDefaults_Draw
0     2c8a Controls_MenuEvent
0     2d21 Controls_ActionEvent
0     2d51 Controls_InitModel
0     2d70 Controls_InitWeapons
0     2d95 Controls_MenuInit
0     32b4 Controls_Cache
0     32cb UI_ControlsMenu
0     32d6 Demos_MenuEvent
0     3327 UI_DemosMenu_Key
0     3340 Demos_MenuInit
0     350f Demos_Cache
0     353f UI_DemosMenu
0     354a MField_Draw
0     3668 MField_Paste
0     3699 MField_KeyDownEvent
0     3819 MField_CharEvent
0     39a4 MField_Clear
0     39b7 MenuField_Init
0     3a42 MenuField_Draw
0     3b36 MenuField_Key
0     3c06 UI_CreditMenu_Key
0     3c1c UI_CreditMenu_Draw
0     3dd0 UI_CreditMenu
0     3dea MainMenu_ExitAction
0     3df9 Main_MenuEvent
0     3e54 MainMenu_Cache
0     3e61 Main_MenuDraw
0     3f4a UI_TeamArenaExists
0     3faa UI_MainMenu
0     4132 InGame_RestartAction
0     4145 InGame_QuitAction
0     4154 InGame_Event
0     41c1 InGame_MenuInit
0     443a InGame_Cache
0     4442 UI_InGameMenu
0     4456 ConfirmMenu_Event
0     447c ConfirmMenu_Key
0     44f1 ConfirmMenu_Draw
0     453e ConfirmMenu_Cache
0     4546 UI_ConfirmMenu
0     462e Setup_ResetDefaults_Action
0     464c Setup_ResetDefaults_Draw
0     4669 UI_SetupMenu_Event
0     46b2 UI_SetupMenu_Init
0     4844 UI_SetupMenu_Cache
0     485b UI_SetupMenu
0     4866 Options_Event
0     489d SystemConfig_Cache
0     48b4 Options_MenuInit
0     49f1 UI_SystemConfigMenu
0     49fc UI_DisplayOptionsMenu_Event
0     4a4f UI_DisplayOptionsMenu_Init
0     4bdb UI_DisplayOptionsMenu_Cache
0     4bf2 UI_DisplayOptionsMenu
0     4c04 UI_SoundOptionsMenu_Event
0     4c85 UI_SoundOptionsMenu_Init
0     4e3e UI_SoundOptionsMenu_Cache
0     4e55 UI_SoundOptionsMenu
0     4e67 UI_NetworkOptionsMenu_Event
0     4ee3 UI_NetworkOptionsMenu_Init
0     504e UI_NetworkOptionsMenu_Cache
0     5065 UI_NetworkOptionsMenu
0     5077 PlayerModel_UpdateGrid
0     5180 PlayerModel_UpdateModel
0     51bc PlayerModel_SaveChanges
0     51db PlayerModel_MenuEvent
0     522a PlayerModel_MenuKey
0     5349 PlayerModel_PicEvent
0     5444 PlayerModel_DrawPlayer
0     5498 PlayerModel_BuildList
0     55cd PlayerModel_SetMenuItems
0     5697 PlayerModel_MenuInit
0     5941 PlayerModel_Cache
0     5980 UI_PlayerModelMenu
0     5999 UI_PlayerInfo_SetWeapon
0     5b6e UI_ForceLegsAnim
0     5b93 UI_SetLegsAnim
0     5bb3 UI_ForceTorsoAnim
0     5bea UI_SetTorsoAnim
0     5c0a UI_TorsoSequencing
0     5c90 UI_LegsSequencing
0     5ce3 UI_PositionEntityOnTag
0     5da8 UI_PositionRotatedEntityOnTag
0     5e6a UI_SetLerpFrameAnimation
0     5ebb UI_RunLerpFrame
0     600b UI_PlayerAnimation
0     60d3 UI_SwingAngles
0     61d8 UI_MovedirAdjustment
0     62af UI_PlayerAngles
0     63ca UI_PlayerFloatSprite
0     63f2 UI_MachinegunSpinAngle
0     6486 UI_DrawPlayer
0     67ec UI_RegisterClientSkin
0     6868 UI_ParseAnimationFile
0     6a47 UI_RegisterClientModelname
0     6b61 UI_PlayerInfo_SetModel
0     6bc1 UI_PlayerInfo_SetInfo
0     6db9 PlayerSettings_DrawName
0     6ef5 PlayerSettings_DrawHandicap
0     6f67 PlayerSettings_DrawEffects
0     7004 PlayerSettings_DrawPlayer
0     706e PlayerSettings_SaveChanges
0     7093 PlayerSettings_MenuKey
0     70b1 PlayerSettings_SetMenuItems
0     7134 PlayerSettings_MenuEvent
0     7177 PlayerSettings_MenuInit
0     72fe PlayerSettings_Cache
0     736f UI_PlayerSettingsMenu
0     737a Preferences_SetMenuItems
0     74be Preferences_Event
0     75b3 Crosshair_Draw
0     76a8 Preferences_MenuInit
0     796c Preferences_Cache
0     79ab UI_PreferencesMenu
0     79b6 Text_Init
0     79c7 Text_Draw
0     7a28 BText_Init
0     7a39 BText_Draw
0     7a7b PText_Init
0     7b08 PText_Draw
0     7b74 Bitmap_Init
0     7bf7 Bitmap_Draw
0     7df9 Action_Init
0     7e5a Action_Draw
0     7f04 RadioButton_Init
0     7f69 RadioButton_Key
0     800c RadioButton_Draw
0     8132 Slider_Init
0     8197 Slider_Key
0     82bb Slider_Draw
0     83ce SpinControl_Init
0     8486 SpinControl_Key
0     8546 SpinControl_Draw
0     8637 ScrollList_Init
0     86fc ScrollList_Key
0     8d50 ScrollList_Draw
0     8e61 Menu_AddItem
0     8f60 Menu_CursorMoved
0     9003 Menu_SetCursor
0     9030 Menu_SetCursorToItem
0     905e Menu_AdjustCursor
0     9123 Menu_Draw
0     926b Menu_ItemAtCursor
0     9297 Menu_ActivateItem
0     92c1 Menu_DefaultKey
0     94cc Menu_Cache
0     95a0 Favorites_Add
0     9612 ServerInfo_Event
0     963d ServerInfo_MenuDraw
0     9695 ServerInfo_MenuKey
0     96a4 ServerInfo_Cache
0     96c8 UI_ServerInfoMenu
0     97cc ArenaServers_MaxPing
0     97e4 ArenaServers_Compare
0     98e9 ArenaServers_Go
0     990a ArenaServers_UpdatePicture
0     9933 ArenaServers_UpdateMenu
0     9c0a ArenaServers_Remove
0     9cda ArenaServers_Insert
0     9e74 ArenaServers_InsertFavorites
0     9ed3 ArenaServers_LoadFavorites
0     9fb0 ArenaServers_StopRefresh
0     9fe2 ArenaServers_DoRefresh
0     a15d ArenaServers_StartRefresh
0     a258 ArenaServers_SaveChanges
0     a2a2 ArenaServers_Sort
0     a2be ArenaServers_SetType
0     a355 ArenaServers_Event
0     a416 ArenaServers_MenuDraw
0     a425 ArenaServers_MenuKey
0     a47b ArenaServers_MenuInit
0     a7c8 ArenaServers_Cache
0     a811 UI_ArenaServersMenu
0     a81c UI_SPArena_Start
0     a8ac SpecifyServer_Event
0     a906 SpecifyServer_MenuInit
0     a9f9 SpecifyServer_Cache
0     aa1d UI_SpecifyServerMenu
0     aa28 UI_SPPostgameMenu_AgainEvent
0     aa3b UI_SPPostgameMenu_NextEvent
0     aa9b UI_SPPostgameMenu_MenuEvent
0     aaae UI_SPPostgameMenu_MenuKey
0     ab07 UI_SPPostgameMenu_DrawAwardsMedals
0     ab8b UI_SPPostgameMenu_DrawAwardsPresentation
0     ac08 UI_SPPostgameMenu_MenuDrawScoreLine
0     ac91 UI_SPPostgameMenu_MenuDraw
0     ae19 UI_SPPostgameMenu_Cache
0     ae83 UI_SPPostgameMenu_Init
0     af07 Prepname
0     af66 UI_SPPostgameMenu_f
0     b2ad PlayerIcon
0     b312 PlayerIconHandle
0     b328 UI_SPLevelMenu_SetBots
0     b417 UI_SPLevelMenu_SetMenuArena
0     b4db UI_SPLevelMenu_SetMenuItems
0     b6a0 UI_SPLevelMenu_ResetDraw
0     b6d7 UI_SPLevelMenu_ResetAction
0     b6f0 UI_SPLevelMenu_ResetEvent
0     b704 UI_SPLevelMenu_LevelEvent
0     b747 UI_SPLevelMenu_LeftArrowEvent
0     b765 UI_SPLevelMenu_RightArrowEvent
0     b783 UI_SPLevelMenu_PlayerEvent
0     b78f UI_SPLevelMenu_AwardEvent
0     b7ae UI_SPLevelMenu_NextEvent
0     b7cb UI_SPLevelMenu_BackEvent
0     b7de UI_SPLevelMenu_CustomEvent
0     b7ec UI_SPLevelMenu_MenuDraw
0     baf9 UI_SPLevelMenu_Cache
0     bbcd UI_SPLevelMenu_Init
0     bf04 UI_SPLevelMenu
0     bfac UI_SPLevelMenu_f
0     bfba UI_SPLevelMenu_ReInit
0     bfc0 SetSkillColor
0     bff3 UI_SPSkillMenu_SkillEvent
0     c04a UI_SPSkillMenu_FightEvent
0     c059 UI_SPSkillMenu_BackEvent
0     c06d UI_SPSkillMenu_Key
0     c090 UI_SPSkillMenu_Cache
0     c0f6 UI_SPSkillMenu_Init
0     c283 UI_SPSkillMenu
0     c299 GametypeBits
0     c364 StartServer_Update
0     c493 StartServer_MapEvent
0     c4ad StartServer_GametypeEvent
0     c561 StartServer_MenuEvent
0     c5c5 ServerOptions_StatusBarRoundTime
0     c5d5 ServerOptions_StatusBarSwapPeriod
0     c5e5 StartServer_LevelshotDraw
0     c72c StartServer_MenuInit
0     c9ae StartServer_Cache
0     ca7e UI_StartServerMenu
0     ca8d BotAlreadySelected
0     cada ServerOptions_Start
0     cd64 ServerOptions_InitPlayerItems
0     ce12 ServerOptions_SetPlayerItems
0     ceae ServerOptions_Event
0     cef2 ServerOptions_PlayerNameEvent
0     cf10 ServerOptions_StatusBar
0     cf29 ServerOptions_LevelshotDraw
0     cfbb ServerOptions_InitBotNames
0     d112 ServerOptions_SetMenuItems
0     d32d PlayerName_Draw
0     d40d ServerOptions_MenuInit
0     d827 ServerOptions_Cache
0     d848 UI_ServerOptionsMenu
0     d856 UI_BotSelectMenu_SortCompare
0     d8a0 UI_BotSelectMenu_BuildList
0     d8ea ServerPlayerIcon
0     d94f UI_BotSelectMenu_UpdateGrid
0     dac4 UI_BotSelectMenu_Default
0     db33 UI_BotSelectMenu_LeftEvent
0     db54 UI_BotSelectMenu_RightEvent
0     db78 UI_BotSelectMenu_BotEvent
0     dbde UI_BotSelectMenu_BackEvent
0     dbea UI_BotSelectMenu_SelectEvent
0     dc0e UI_BotSelectMenu_Cache
0     dc3e UI_BotSelectMenu_Init
0     de9f UI_BotSelectMenu
0     dead TeamMain_MenuEvent
0     df3b TeamMain_MenuInit
0     e0b1 TeamMain_Cache
0     e0b9 UI_TeamMainMenu
0     e0ca DriverInfo_Event
0     e0e3 DriverInfo_MenuDraw
0     e1b7 DriverInfo_Cache
0     e1db UI_DriverInfo_Menu
0     e317 GraphicsOptions_GetInitialVideo
0     e343 GraphicsOptions_CheckConfig
0     e3bf GraphicsOptions_UpdateMenuItems
0     e4c1 GraphicsOptions_ApplyChanges
0     e5cf GraphicsOptions_Event
0     e666 GraphicsOptions_TQEvent
0     e677 GraphicsOptions_MenuDraw
0     e682 GraphicsOptions_SetMenuItems
0     e78b GraphicsOptions_MenuInit
0     ea8a GraphicsOptions_Cache
0     eaab UI_GraphicsOptionsMenu
0     eabd UI_AddBotsMenu_FightEvent
0     eaff UI_AddBotsMenu_BotEvent
0     eb21 UI_AddBotsMenu_BackEvent
0     eb2d UI_AddBotsMenu_SetBotNames
0     eb68 UI_AddBotsMenu_UpEvent
0     eb83 UI_AddBotsMenu_DownEvent
0     eba1 UI_AddBotsMenu_SortCompare
0     ebeb UI_AddBotsMenu_GetSortedBotNums
0     ec13 UI_AddBotsMenu_Draw
0     ec35 UI_AddBotsMenu_Init
0     ee30 UI_AddBots_Cache
0     ee5b UI_AddBotsMenu
0     ee66 UI_RemoveBotsMenu_SetBotNames
0     eeb5 UI_RemoveBotsMenu_DeleteEvent
0     eed7 UI_RemoveBotsMenu_BotEvent
0     eef9 UI_RemoveBotsMenu_BackEvent
0     ef05 UI_RemoveBotsMenu_UpEvent
0     ef20 UI_RemoveBotsMenu_DownEvent
0     ef3e UI_RemoveBotsMenu_GetBots
0     efa9 UI_RemoveBots_Cache
0     efc5 UI_RemoveBotsMenu_Init
0     f15f UI_RemoveBotsMenu
0     f16a UI_TeamOrdersMenu_BackEvent
0     f176 UI_TeamOrdersMenu_SetList
0     f1b7 UI_TeamOrdersMenu_Key
0     f2e9 UI_TeamOrdersMenu_ListDraw
0     f363 UI_TeamOrdersMenu_ListEvent
0     f3dd UI_TeamOrdersMenu_BuildBotList
0     f4ce UI_TeamOrdersMenu_Init
0     f565 UI_TeamOrdersMenu_Cache
0     f577 UI_TeamOrdersMenu
0     f582 UI_TeamOrdersMenu_f
0     f5d4 UI_CDKeyMenu_Event
0     f600 UI_CDKeyMenu_PreValidateKey
0     f65a UI_CDKeyMenu_DrawKey
0     f72d UI_CDKeyMenu_Init
0     f804 UI_CDKeyMenu_Cache
0     f820 UI_CDKeyMenu
0     f82b UI_CDKeyMenu_f
0     f831 UI_Mods_MenuEvent
0     f867 UI_Mods_ParseInfos
0     f8d1 UI_Mods_LoadMods
0     f958 UI_Mods_MenuInit
0     fa2a UI_ModsMenu_Cache
0     fa4b UI_ModsMenu
0     fa56 BG_FindItemForPowerup
0     fa99 BG_FindItemForHoldable
0     fad3 BG_FindItemForWeapon
0     fb06 BG_FindItem
0     fb31 BG_PlayerTouchesItem
0     fb91 BG_CanItemBeGrabbed
0     fd42 BG_EvaluateTrajectory
0     ff12 BG_EvaluateTrajectoryDelta
0    1000c BG_AddPredictableEventToPlayerstate
0    10047 BG_TouchJumpPad
0    100b7 BG_PlayerStateToEntityState
0    102d8 BG_PlayerStateToEntityStateExtraPolate
0    10506 swapfunc
0    1058d med3
0    10610 qsort
0    109c9 strlen
0    109e4 strcat
0    10a27 strcpy
0    10a5c strcmp
0    10a95 strchr
0    10ab4 strstr
0    10afa tolower
0    10b12 toupper
0    10b2a memmove
0    10b71 acos
0    10b95 tan
0    10bac srand
0    10bb3 rand
0    10bc8 atof
0    10c8d _atof
0    10d58 atoi
0    10dd0 _atoi
0    10e52 abs
0    10e67 fabs
0    10e7c AddInt
0    10f57 AddFloat
0    11065 AddString
0    110fc vsprintf
0    11294 sscanf
0    112ff Q_rand
0    11314 Q_random
0    11326 Q_crandom
0    11337 VectorCompare
0    1136f VectorLength
0    113a2 VectorLengthSquared
0    113ce Distance
0    1140f DistanceSquared
0    1145d VectorNormalizeFast
0    114bc VectorInverse
0    114e4 CrossProduct
0    1155d ClampChar
0    11574 ClampShort
0    1158b DirToByte
0    115e6 ByteToDir
0    11604 ColorBytes3
0    11673 ColorBytes4
0    11705 NormalizeColor
0    1177b PlaneFromPoints
0    11839 RotatePointAroundVector
0    11944 RotateAroundDirection
0    11988 vectoangles
0    11a44 AnglesToAxis
0    11a79 AxisClear
0    11ab0 AxisCopy
0    11ad4 ProjectPointOnPlane
0    11b93 MakeNormalVectors
0    11c3e VectorRotate
0    11cdb Q_rsqrt
0    11d12 Q_fabs
0    11d22 LerpAngle
0    11d53 AngleSubtract
0    11d78 AnglesSubtract
0    11dc6 AngleMod
0    11dd8 AngleNormalize360
0    11de6 AngleNormalize180
0    11e01 AngleDelta
0    11e11 SetPlaneSignbits
0    11e3e BoxOnPlaneSide
0    121ff RadiusFromBounds
0    12252 ClearBounds
0    12289 AddPointToBounds
0    12322 VectorNormalize
0    12392 VectorNormalize2
0    12420 _VectorMA
0    12462 _DotProduct
0    12497 _VectorSubtract
0    124d0 _VectorAdd
0    12509 _VectorCopy
0    12530 _VectorScale
0    12560 Vector4Scale
0    125a2 Q_log2
0    125c1 MatrixMultiply
0    12796 AngleVectors
0    1288e PerpendicularVector
0    128fa TransposeMatrix
0    1293b Inv_RelativePosition
0    12a06 Com_Clamp
0    12a20 COM_SkipPath
0    12a44 COM_StripExtension
0    12a7a COM_DefaultExtension
0    12ac2 ShortSwap
0    12ae2 ShortNoSwap
0    12aed LongSwap
0    12b20 LongNoSwap
0    12b26 Long64Swap
0    12b63 Long64NoSwap
0    12b6b FloatSwap
0    12b81 FloatNoSwap
0    12b88 COM_BeginParseSession
0    12b9a COM_GetCurrentParseLine
0    12ba0 COM_Parse
0    12baf COM_ParseError
0    12bcf COM_ParseWarning
0    12bef SkipWhitespace
0    12c26 COM_Compress
0    12d79 COM_ParseExt
0    12ec5 COM_MatchToken
0    12eee SkipBracedSection
0    12f2c SkipRestOfLine
0    12f64 Parse1DMatrix
0    12fa3 Parse2DMatrix
0    12fde Parse3DMatrix
0    13023 Q_isprint
0    13038 Q_islower
0    1304d Q_isupper
0    13062 Q_isalpha
0    13083 Q_strrchr
0    130b7 Q_strncpyz
0    130f2 Q_stricmpn
0    1317d Q_strncmp
0    131cf Q_stricmp
0    131f7 Q_strlwr
0    1321d Q_strupr
0    13243 Q_strcat
0    1326f Q_PrintStrlen
0    132bf Q_CleanStr
0    13325 Com_sprintf
0    13364 va
0    13391 Info_ValueForKey
0    13471 Info_NextPair
0    1350f Info_RemoveKey
0    135df Info_RemoveKey_Big
0    136af Info_Validate
0    136d6 Info_SetValueForKey
0    137a6 Info_SetValueForKey_Big
0    1386e Inv_InitAlphaToNum
0    138a6 Inv_AlphaFromNum
0    138af Inv_NumFromAlpha
0    138bc Inv_StringFromNum
0    138f3 Inv_NumFromString
0    13930 InitMenuText
0    13970 InitDefault
0    139ef Marine_Event
0    13a3e Alien_Event
0    13a92 InvasionSelection_Key
0    13b32 AutoDefaultDrawMenu
0    13b4d AutoDefault_Init
0    13bf6 InvasionDrawMenu
0    13c25 MarineWeapon_Init
0    13d7d MarineArmor_Init
0    13ea8 AlienRace_Init
0    13fd3 Inv_UI_MarineSelection_f
0    13fdc Inv_UI_AlienSelection_f
0    13fe5 InvasionNextMenu
0    14011 InvasionSendMarineSelection
0    14039 InvasionSendAlienSelection
1       30 cvarTable
1      3a0 cvarTableSize
1      3a4 propMap
1      9a4 propMapB
1      af8 cinematics
1      b20 passwordNeeded
1      b38 controls_binding_color
1      b48 g_bindings
1     1048 g_configcvars
1     10b4 g_movement_controls
1     10e4 g_weapons_controls
1     1110 g_looking_controls
1     1140 g_misc_controls
1     1164 g_controls
1     1308 quality_items
1     1338 rate_items
1     1368 playermodel_artlist
1     13dc gamecodetoui
1     13f8 uitogamecode
1     1414 handicap_items
1     1468 teamoverlay_names
1     14b8 menu_text_color
1     14c8 menu_dim_color
1     14d8 color_black
1     14e8 color_white
1     14f8 color_yellow
1     1508 color_blue
1     1518 color_lightOrange
1     1528 color_orange
1     1538 color_red
1     1548 color_dim
1     1558 pulse_color
1     1568 text_color_disabled
1     1578 text_color_normal
1     1588 text_color_highlight
1     1598 listbar_color
1     15a8 text_color_status
1     16fc serverinfo_artlist
1     1710 master_items
1     1724 servertype_items
1     1738 sortkey_items
1     1750 gamenames
1     178c netnames
1     1818 specifyserver_artlist
1     1834 ui_medalNames
1     184c ui_medalPicNames
1     1864 ui_medalSounds
1     187c medalLocations
1     18a8 gametype_items
1     18b8 gametype_remap
1     18c4 gametype_remap2
1     18f0 dedicated_list
1     1900 playerType_list
1     1910 playerTeam_list
1     191c botSkill_list
1     19c4 driverinfo_artlist
1     19d8 s_drivers
1     19e4 s_ivo_templates
1     1b7c skillNames
1     1b94 teamNames1
1     1b9c teamNames2
1     1ba8 ctfOrders
1     1bc8 ctfMessages
1     1be8 teamOrders
1     1c04 teamMessages
1     1c7c AlienModel
1     1c90 MaleMarineModel
1     1ca4 FemaleMarineModel
1     1cb8 bg_itemlist
1     25a8 bg_numItems
1     2600 eventnames
1     2730 acostable
1     3730 randSeed
1     37a4 vec3_origin
1     37b0 axisDefault
1     37d4 colorBlack
1     37e4 colorRed
1     37f4 colorGreen
1     3804 colorBlue
1     3814 colorYellow
1     3824 colorMagenta
1     3834 colorCyan
1     3844 colorWhite
1     3854 colorLtGrey
1     3864 colorMdGrey
1     3874 colorDkGrey
1     3884 g_color_table
1     3904 bytedirs
2     21f4 quake3worldMessage
2     55a8 NumToAlpha
2    6dbd0 _stackStart
2    7dbd0 _stackEnd
3        0 ui_cdkeychecked
3      110 ui_server16
3      220 ui_server15
3      330 ui_server14
3      440 ui_server13
3      550 ui_server12
3      660 ui_server11
3      770 ui_server10
3      880 ui_server9
3      990 ui_server8
3      aa0 ui_server7
3      bb0 ui_server6
3      cc0 ui_server5
3      dd0 ui_server4
3      ee0 ui_server3
3      ff0 ui_server2
3     1100 ui_server1
3     1210 ui_marks
3     1320 ui_drawCrosshairNames
3     1430 ui_drawCrosshair
3     1540 ui_brassTime
3     1650 ui_browserShowEmpty
3     1760 ui_browserShowFull
3     1870 ui_browserSortKey
3     1980 ui_browserGameType
3     1a90 ui_browserMaster
3     1ba0 ui_spSelection
3     1cb0 ui_spSkill
3     1dc0 ui_spVideos
3     1ed0 ui_spAwards
3     1fe0 ui_spScores5
3     20f0 ui_spScores4
3     2200 ui_spScores3
3     2310 ui_spScores2
3     2420 ui_spScores1
3     2530 ui_botsFile
3     2640 ui_arenasFile
3     2750 ui_inv_SwapPeriod
3     2860 ui_inv_RoundTime
3     2970 ui_inv_friendly
3     2a80 ui_inv_timelimit
3     2b90 ui_inv_winlimit
3     2ca0 ui_ctf_friendly
3     2db0 ui_ctf_timelimit
3     2ec0 ui_ctf_capturelimit
3     2fd0 ui_team_friendly
3     30e0 ui_team_timelimit
3     31f0 ui_team_fraglimit
3     3300 ui_tourney_timelimit
3     3410 ui_tourney_fraglimit
3     3520 ui_ffa_timelimit
3     3630 ui_ffa_fraglimit
3     3740 outOfMemory
3     3744 allocPoint
3     3748 memoryPool
3    23748 ui_numSpecialSinglePlayerArenas
3    2374c ui_numSinglePlayerArenas
3    23750 ui_arenaInfos
3    24750 ui_numArenas
3    24754 ui_botInfos
3    25754 ui_numBots
3    26358 uis
3    29010 m_entersound
3    29014 cinematicsMenuInfo
3    29554 lastLoadingText
3    29954 lastConnState
3    29958 passwordField
3    29ac4 s_controls
3    2aef8 s_demos
3    2bd2c s_credits
3    2be4c s_main
3    2c1b0 s_ingame
3    2c5f8 s_confirm
3    2c7bc setupMenuInfo
3    2cbdc s_options
3    2cf6c displayOptionsInfo
3    2d394 soundOptionsInfo
3    2d81c networkOptionsInfo
3    2dc6c s_playermodel
3    37110 jumpHeight
3    37114 dp_realtime
3    37118 s_playersettings
3    37b54 s_preferences
3    381ec sliderButton_1
3    381f0 sliderButton_0
3    381f4 sliderBar
3    381f8 weaponChangeSound
3    381fc menu_null_sound
3    38200 menu_buzz_sound
3    38204 menu_out_sound
3    38208 menu_move_sound
3    3820c menu_in_sound
3    38210 s_serverinfo
3    3894c g_fullservers
3    38950 g_emptyservers
3    38954 g_sortkey
3    38958 g_gametype
3    3895c g_servertype
3    38960 g_nummplayerservers
3    38964 g_mplayerserverlist
3    3d364 g_numfavoriteservers
3    3d368 g_favoriteserverlist
3    3dca8 g_numlocalservers
3    3dcac g_localserverlist
3    426ac g_numglobalservers
3    426b0 g_globalserverlist
3    470b0 g_arenaservers
3    4a8bc s_specifyserver
3    4ae1c arenainfo
3    4b21c postgameMenuInfo
3    4b5d8 maxTier
3    4b5dc minTier
3    4b5e0 finalTier
3    4b5e4 trainingTier
3    4b5e8 currentGame
3    4b5ec currentSet
3    4b5f0 selectedArena
3    4b5f4 selectedArenaSet
3    4b5f8 levelMenuInfo
3    4c030 skillMenuInfo
3    4c600 botSelectInfo
3    4edb0 s_serveroptions
3    50780 s_startserver
3    51424 Join
3    51464 s_teammain
3    517d4 s_graphicsoptions
3    52010 s_ivo
3    52038 s_driverinfo
3    527ac addBotsMenuInfo
3    53e2c removeBotsMenuInfo
3    55488 teamOrdersMenuInfo
3    557c0 cdkeyMenuInfo
3    55b7c s_mods
3    6caca AlphaToNum
3    6cbcc com_lines
3    6cbd0 com_parsename
3    6cfd0 com_token
3    6d410 NbId
3    6d414 FirstId
3    6d418 InvMenuStartTime
3    6d41c InvCurrentMenu
3    6d420 MenuBuffer
3    6d810 AllDefault
3    6d858 Default
3    6d8a0 Inv_Conf_AlienRace
3    6d9b0 Inv_Conf_MarineArmor
3    6dac0 Inv_Conf_MarineWeapon
