0 fffffdba trap_BotLibSourceFileAndLine
0 fffffdbb trap_BotLibReadToken
0 fffffdbc trap_BotLibFreeSource
0 fffffdbd trap_BotLibLoadSource
0 fffffdbe trap_AAS_PointReachabilityAreaIndex
0 fffffdbf trap_AAS_PredictRoute
0 fffffdc0 trap_AAS_AlternativeRouteGoals
0 fffffdc1 trap_BotAddAvoidSpot
0 fffffdc2 trap_BotSetAvoidGoalTime
0 fffffdc3 trap_BotPredictVisiblePosition
0 fffffdc4 trap_BotRemoveFromAvoidGoals
0 fffffdc5 trap_BotGetChatMessage
0 fffffdc6 trap_BotNumInitialChats
0 fffffdc7 trap_BotGetMapLocationGoal
0 fffffdc8 trap_BotGetNextCampSpotGoal
0 fffffdc9 trap_BotMutateGoalFuzzyLogic
0 fffffdca trap_BotInterbreedGoalFuzzyLogic
0 fffffdcb trap_GeneticParentsAndChildSelection
0 fffffdcc trap_BotResetWeaponState
0 fffffdcd trap_BotFreeWeaponState
0 fffffdce trap_BotAllocWeaponState
0 fffffdcf trap_BotLoadWeaponWeights
0 fffffdd0 trap_BotGetWeaponInfo
0 fffffdd1 trap_BotChooseBestFightWeapon
0 fffffdd2 trap_BotInitMoveState
0 fffffdd3 trap_BotFreeMoveState
0 fffffdd4 trap_BotAllocMoveState
0 fffffdd5 trap_BotMovementViewTarget
0 fffffdd6 trap_BotReachabilityArea
0 fffffdd7 trap_BotResetLastAvoidReach
0 fffffdd8 trap_BotResetAvoidReach
0 fffffdd9 trap_BotMoveInDirection
0 fffffdda trap_BotMoveToGoal
0 fffffddb trap_BotResetMoveState
0 fffffddc trap_BotFreeGoalState
0 fffffddd trap_BotAllocGoalState
0 fffffdde trap_BotFreeItemWeights
0 fffffdde trap_BotSaveGoalFuzzyLogic
0 fffffde0 trap_BotLoadItemWeights
0 fffffde1 trap_BotUpdateEntityItems
0 fffffde2 trap_BotInitLevelItems
0 fffffde3 trap_BotAvoidGoalTime
0 fffffde4 trap_BotGetLevelItemGoal
0 fffffde5 trap_BotItemGoalInVisButNotVisible
0 fffffde6 trap_BotTouchingGoal
0 fffffde7 trap_BotChooseNBGItem
0 fffffde8 trap_BotChooseLTGItem
0 fffffde9 trap_BotGetSecondGoal
0 fffffdea trap_BotGetTopGoal
0 fffffdeb trap_BotGoalName
0 fffffdec trap_BotDumpGoalStack
0 fffffded trap_BotDumpAvoidGoals
0 fffffdee trap_BotEmptyGoalStack
0 fffffdef trap_BotPopGoal
0 fffffdf0 trap_BotPushGoal
0 fffffdf1 trap_BotResetAvoidGoals
0 fffffdf2 trap_BotResetGoalState
0 fffffdf3 trap_BotSetChatName
0 fffffdf4 trap_BotSetChatGender
0 fffffdf5 trap_BotLoadChatFile
0 fffffdf6 trap_BotReplaceSynonyms
0 fffffdf7 trap_UnifyWhiteSpaces
0 fffffdf8 trap_BotMatchVariable
0 fffffdf9 trap_BotFindMatch
0 fffffdfa trap_StringContains
0 fffffdfb trap_BotEnterChat
0 fffffdfc trap_BotChatLength
0 fffffdfd trap_BotReplyChat
0 fffffdfe trap_BotInitialChat
0 fffffdff trap_BotNumConsoleMessages
0 fffffe00 trap_BotNextConsoleMessage
0 fffffe01 trap_BotRemoveConsoleMessage
0 fffffe02 trap_BotQueueConsoleMessage
0 fffffe03 trap_BotFreeChatState
0 fffffe04 trap_BotAllocChatState
0 fffffe05 trap_Characteristic_String
0 fffffe06 trap_Characteristic_BInteger
0 fffffe07 trap_Characteristic_Integer
0 fffffe08 trap_Characteristic_BFloat
0 fffffe09 trap_Characteristic_Float
0 fffffe0a trap_BotFreeCharacter
0 fffffe0b trap_BotLoadCharacter
0 fffffe58 trap_EA_ResetInput
0 fffffe59 trap_EA_GetInput
0 fffffe5a trap_EA_EndRegular
0 fffffe5b trap_EA_View
0 fffffe5c trap_EA_Move
0 fffffe5d trap_EA_DelayedJump
0 fffffe5e trap_EA_Jump
0 fffffe5f trap_EA_SelectWeapon
0 fffffe60 trap_EA_MoveRight
0 fffffe61 trap_EA_MoveLeft
0 fffffe62 trap_EA_MoveBack
0 fffffe63 trap_EA_MoveForward
0 fffffe64 trap_EA_MoveDown
0 fffffe65 trap_EA_MoveUp
0 fffffe66 trap_EA_Crouch
0 fffffe67 trap_EA_Respawn
0 fffffe68 trap_EA_Use
0 fffffe69 trap_EA_Attack
0 fffffe6a trap_EA_Talk
0 fffffe6b trap_EA_Gesture
0 fffffe6c trap_EA_Action
0 fffffe6d trap_EA_Command
0 fffffe6e trap_EA_SayTeam
0 fffffe6f trap_EA_Say
0 fffffec1 trap_AAS_PredictClientMovement
0 fffffec2 trap_AAS_Swimming
0 fffffec3 trap_AAS_AreaTravelTimeToGoalArea
0 fffffec4 trap_AAS_AreaReachability
0 fffffec5 trap_AAS_IntForBSPEpairKey
0 fffffec6 trap_AAS_FloatForBSPEpairKey
0 fffffec7 trap_AAS_VectorForBSPEpairKey
0 fffffec8 trap_AAS_ValueForBSPEpairKey
0 fffffec9 trap_AAS_NextBSPEntity
0 fffffeca trap_AAS_PointContents
0 fffffecb trap_AAS_TraceAreas
0 fffffecc trap_AAS_PointAreaNum
0 fffffecd trap_AAS_Time
0 fffffece trap_AAS_PresenceTypeBoundingBox
0 fffffecf trap_AAS_Initialized
0 fffffed0 trap_AAS_EntityInfo
0 fffffed1 trap_AAS_AreaInfo
0 fffffed2 trap_AAS_BBoxAreas
0 fffffed3 trap_AAS_EnableRoutingArea
0 ffffff2c trap_BotUserCommand
0 ffffff2d trap_BotGetServerCommand
0 ffffff2e trap_BotGetSnapshotEntity
0 ffffff2f trap_BotLibTest
0 ffffff30 trap_BotLibUpdateEntity
0 ffffff31 trap_BotLibLoadMap
0 ffffff32 trap_BotLibStartFrame
0 ffffff33 trap_BotLibDefine
0 ffffff34 trap_BotLibVarGet
0 ffffff35 trap_BotLibVarSet
0 ffffff36 trap_BotLibShutdown
0 ffffff37 trap_BotLibSetup
0 ffffff8e testPrintFloat
0 ffffff8f testPrintInt
0 ffffff90 ceil
0 ffffff91 floor
0 ffffff95 sqrt
0 ffffff96 atan2
0 ffffff97 cos
0 ffffff98 sin
0 ffffff99 strncpy
0 ffffff9a memcpy
0 ffffff9b memset
0 ffffffd3 trap_EntityContactCapsule
0 ffffffd4 trap_TraceCapsule
0 ffffffd5 trap_SnapVector
0 ffffffd6 trap_RealTime
0 ffffffd7 trap_DebugPolygonDelete
0 ffffffd8 trap_DebugPolygonCreate
0 ffffffd9 trap_FS_GetFileList
0 ffffffda trap_GetEntityToken
0 ffffffdb trap_GetUsercmd
0 ffffffdc trap_BotFreeClient
0 ffffffdd trap_BotAllocateClient
0 ffffffde trap_EntityContact
0 ffffffdf trap_EntitiesInBox
0 ffffffe0 trap_UnlinkEntity
0 ffffffe1 trap_LinkEntity
0 ffffffe2 trap_AreasConnected
0 ffffffe3 trap_AdjustAreaPortalState
0 ffffffe4 trap_InPVSIgnorePortals
0 ffffffe5 trap_InPVS
0 ffffffe6 trap_PointContents
0 ffffffe7 trap_Trace
0 ffffffe8 trap_SetBrushModel
0 ffffffe9 trap_GetServerinfo
0 ffffffea trap_SetUserinfo
0 ffffffeb trap_GetUserinfo
0 ffffffec trap_GetConfigstring
0 ffffffed trap_SetConfigstring
0 ffffffee trap_SendServerCommand
0 ffffffef trap_DropClient
0 fffffff0 trap_LocateGameData
0 fffffff1 trap_SendConsoleCommand
0 fffffff2 trap_FS_FCloseFile
0 fffffff3 trap_FS_Write
0 fffffff4 trap_FS_Read
0 fffffff5 trap_FS_FOpenFile
0 fffffff6 trap_Argv
0 fffffff7 trap_Argc
0 fffffff8 trap_Cvar_VariableStringBuffer
0 fffffff9 trap_Cvar_VariableIntegerValue
0 fffffffa trap_Cvar_Set
0 fffffffb trap_Cvar_Update
0 fffffffc trap_Cvar_Register
0 fffffffd trap_Milliseconds
0 fffffffe trap_Error
0 ffffffff trap_Printf
0        0 vmMain
0       9a G_Printf
0       b3 G_Error
0       dc G_FindTeams
0      1e0 G_RemapTeamShaders
0      1e3 G_RegisterCvars
0      25b G_UpdateCvars
0      2cf G_InitGame
0      464 G_ShutdownGame
0      5b1 Com_Error
0      5cc Com_Printf
0      5e7 AddTournamentPlayer
0      66a RemoveTournamentLoser
0      695 RemoveTournamentWinner
0      6c0 AdjustTournamentScores
0      719 SortRanks
0      7ee CalculateRanks
0      a67 SendScoreboardMessageToAllClients
0      a90 MoveClientToIntermission
0      b00 FindIntermissionPoint
0      b6e BeginIntermission
0      bc6 ExitLevel
0      c51 G_LogPrintf
0      cbd LogExit
0      d77 CheckIntermissionExit
0      e44 ScoreIsTied
0      e8d CheckExitRules
0      f98 CheckTournament
0     1108 CheckVote
0     116b PrintTeam
0     1196 SetLeader
0     1252 CheckTeamLeader
0     12ea CheckTeamVote
0     13ad CheckCvars
0     13da G_RunThink
0     1413 G_RunFrame
0     1615 BG_FindItemForPowerup
0     1658 BG_FindItemForHoldable
0     1692 BG_FindItemForWeapon
0     16c5 BG_FindItem
0     16f0 BG_PlayerTouchesItem
0     1750 BG_CanItemBeGrabbed
0     1901 BG_EvaluateTrajectory
0     1ad1 BG_EvaluateTrajectoryDelta
0     1bcb BG_AddPredictableEventToPlayerstate
0     1c06 BG_TouchJumpPad
0     1c76 BG_PlayerStateToEntityState
0     1e97 BG_PlayerStateToEntityStateExtraPolate
0     20c5 swapfunc
0     214c med3
0     21cf qsort
0     2588 strlen
0     25a3 strcat
0     25e6 strcpy
0     261b strcmp
0     2654 strchr
0     2673 strstr
0     26b9 tolower
0     26d1 toupper
0     26e9 memmove
0     2730 acos
0     2754 tan
0     276b srand
0     2772 rand
0     2787 atof
0     284c _atof
0     2917 atoi
0     298f _atoi
0     2a11 abs
0     2a26 fabs
0     2a3b AddInt
0     2b16 AddFloat
0     2c24 AddString
0     2cbb vsprintf
0     2e53 sscanf
0     2ebe Inv_GetVectorFromStat
0     2f15 Inv_QuatNormalize
0     2f7f Inv_GetQuatFromStat
0     3008 Inv_MatrixToAngles
0     3110 Inv_AxisToQuat
0     317c Inv_GetQuatMaxDelta
0     31b7 Inv_GetInvertAxis
0     31fe Inv_MulQuat
0     3324 Inv_FinbBestInvertAxisForQuat
0     33c7 Inv_QuatToMatrix
0     3524 Inv_QuatMultiply
0     354a Inv_GetAngleDiff
0     35c4 Inv_ComputeDynYaw
0     36c7 Inv_QuatIntToStat
0     370b Inv_FinishDynYaw
0     374a Inv_QuatToInt
0     3770 Inv_ApplyGravityRotation
0     3b5d Inv_RemoveGravityComponent
0     3bab Inv_IsFiring
0     3bcc PM_AddEvent
0     3bdb PM_AddEventParm
0     3beb PM_AddTouchEnt
0     3c40 PM_StartTorsoAnim
0     3c66 PM_StartLegsAnim
0     3c96 PM_ContinueLegsAnim
0     3cb6 PM_ContinueTorsoAnim
0     3cd6 PM_ForceLegsAnim
0     3ce6 PM_ClipVelocity
0     3d5f PM_Friction
0     3eb6 PM_Accelerate
0     3f32 PM_CmdScale
0     4009 PM_SetMovementDir
0     4155 PM_CheckJump
0     4308 PM_LadderMove
0     4439 CheckLadder
0     4523 PM_CheckWaterJump
0     460a PM_WaterJumpMove
0     4667 PM_WaterMove
0     479a PM_FlyMove
0     4827 PM_AirMove
0     493e PM_GrappleMove
0     49f5 PM_WalkMove
0     4c96 PM_DeadMove
0     4d0f PM_NoclipMove
0     4e65 PM_FootstepForSurface
0     4e7e PM_CrashLand
0     5081 PM_CorrectAllSolid
0     517e PM_GroundTraceMissed
0     5268 PM_CheckDuck
0     5776 Inv_ApplyNewGround
0     5a7d Inv_CheckNewGround
0     5c7b PM_GroundTrace
0     6052 PM_SetWaterLevel
0     611f PM_Footsteps
0     62cb PM_WaterEvents
0     6322 PM_BeginWeaponChange
0     636c PM_FinishWeaponChange
0     63b4 PM_TorsoAnimation
0     63d3 PM_Fire
0     64c8 PM_SpecialWeapon
0     661b PM_SpecialWeapon2
0     683b PM_Weapon
0     6c8d PM_Animate
0     6cb2 PM_DropTimers
0     6d5e PM_UpdateViewAngles
0     6e02 PM_InvasionFreezed
0     6e20 PmoveSingle
0     7205 Pmove
0     72dd PM_SlideMove
0     7727 PM_StepSlideMove
0     798a Q_rand
0     799f Q_random
0     79b1 Q_crandom
0     79c2 VectorCompare
0     79fa VectorLength
0     7a2d VectorLengthSquared
0     7a59 Distance
0     7a9a DistanceSquared
0     7ae8 VectorNormalizeFast
0     7b47 VectorInverse
0     7b6f CrossProduct
0     7be8 ClampChar
0     7bff ClampShort
0     7c16 DirToByte
0     7c71 ByteToDir
0     7c8f ColorBytes3
0     7cfe ColorBytes4
0     7d90 NormalizeColor
0     7e06 PlaneFromPoints
0     7ec4 RotatePointAroundVector
0     7fcf RotateAroundDirection
0     8013 vectoangles
0     80cf AnglesToAxis
0     8104 AxisClear
0     813b AxisCopy
0     815f ProjectPointOnPlane
0     821e MakeNormalVectors
0     82c9 VectorRotate
0     8366 Q_rsqrt
0     839d Q_fabs
0     83ad LerpAngle
0     83de AngleSubtract
0     8403 AnglesSubtract
0     8451 AngleMod
0     8463 AngleNormalize360
0     8471 AngleNormalize180
0     848c AngleDelta
0     849c SetPlaneSignbits
0     84c9 BoxOnPlaneSide
0     888a RadiusFromBounds
0     88dd ClearBounds
0     8914 AddPointToBounds
0     89ad VectorNormalize
0     8a1d VectorNormalize2
0     8aab _VectorMA
0     8aed _DotProduct
0     8b22 _VectorSubtract
0     8b5b _VectorAdd
0     8b94 _VectorCopy
0     8bbb _VectorScale
0     8beb Vector4Scale
0     8c2d Q_log2
0     8c4c MatrixMultiply
0     8e21 AngleVectors
0     8f19 PerpendicularVector
0     8f85 TransposeMatrix
0     8fc6 Inv_RelativePosition
0     9091 Com_Clamp
0     90ab COM_SkipPath
0     90cf COM_StripExtension
0     9105 COM_DefaultExtension
0     914d ShortSwap
0     916d ShortNoSwap
0     9178 LongSwap
0     91ab LongNoSwap
0     91b1 Long64Swap
0     91ee Long64NoSwap
0     91f6 FloatSwap
0     920c FloatNoSwap
0     9213 COM_BeginParseSession
0     9225 COM_GetCurrentParseLine
0     922b COM_Parse
0     923a COM_ParseError
0     925a COM_ParseWarning
0     927a SkipWhitespace
0     92b1 COM_Compress
0     9404 COM_ParseExt
0     9550 COM_MatchToken
0     9579 SkipBracedSection
0     95b7 SkipRestOfLine
0     95ef Parse1DMatrix
0     962e Parse2DMatrix
0     9669 Parse3DMatrix
0     96ae Q_isprint
0     96c3 Q_islower
0     96d8 Q_isupper
0     96ed Q_isalpha
0     970e Q_strrchr
0     9742 Q_strncpyz
0     977d Q_stricmpn
0     9808 Q_strncmp
0     985a Q_stricmp
0     9882 Q_strlwr
0     98a8 Q_strupr
0     98ce Q_strcat
0     98fa Q_PrintStrlen
0     994a Q_CleanStr
0     99b0 Com_sprintf
0     99ef va
0     9a1c Info_ValueForKey
0     9afc Info_NextPair
0     9b9a Info_RemoveKey
0     9c6a Info_RemoveKey_Big
0     9d3a Info_Validate
0     9d61 Info_SetValueForKey
0     9e31 Info_SetValueForKey_Big
0     9ef9 Inv_InitAlphaToNum
0     9f31 Inv_AlphaFromNum
0     9f3a Inv_NumFromAlpha
0     9f47 Inv_StringFromNum
0     9f7e Inv_NumFromString
0     9fbb BotResetNodeSwitches
0     9fc1 BotDumpNodeSwitches
0     a002 BotRecordNodeSwitch
0     a03e BotGetAirGoal
0     a0fb BotGoForAir
0     a178 BotNearbyGoal
0     a1f8 BotReachedGoal
0     a300 BotGetItemLongTermGoal
0     a3b9 BotGetLongTermGoal
0     b3da BotLongTermGoal
0     b65f AIEnter_Intermission
0     b69b AINode_Intermission
0     b6de AIEnter_Observer
0     b6fa AINode_Observer
0     b712 AIEnter_Stand
0     b731 AINode_Stand
0     b7da AIEnter_Respawn
0     b85e AINode_Respawn
0     b8de BotSelectActivateWeapon
0     b9a0 BotClearPath
0     bc0d AIEnter_Seek_ActivateEntity
0     bc23 AINode_Seek_ActivateEntity
0     c072 AIEnter_Seek_NBG
0     c0b1 AINode_Seek_NBG
0     c337 AIEnter_Seek_LTG
0     c376 AINode_Seek_LTG
0     c6e7 AIEnter_Battle_Fight
0     c706 AIEnter_Battle_SuicidalFight
0     c733 AINode_Battle_Fight
0     ca3f AIEnter_Battle_Chase
0     ca5c AINode_Battle_Chase
0     cd1f AIEnter_Battle_Retreat
0     cd35 AINode_Battle_Retreat
0     d08e AIEnter_Battle_NBG
0     d0a4 AINode_Battle_NBG
0     d357 BotSetUserInfo
0     d388 BotCTFCarryingFlag
0     d3b3 BotTeam
0     d3f5 EntityCarriesFlag
0     d414 Inv_BotTeam
0     d429 Inv_GetAlienRace
0     d44e Inv_BotEnemyFlagCarrier
0     d4a0 Inv_FindClosestEnemy
0     d54e BotOppositeTeam
0     d570 BotEnemyFlag
0     d584 BotTeamFlag
0     d598 EntityIsDead
0     d5eb EntityIsInvisible
0     d60c EntityIsShooting
0     d61e EntityIsChatting
0     d630 EntityHasQuad
0     d642 BotRememberLastOrderedTask
0     d68b BotSetTeamStatus
0     d68e BotSetLastOrderedTask
0     d7ce BotRefuseOrder
0     d80f Inv_BotClearLGT
0     d82b BotDestroySeekGoals
0     d9f4 BotCTFSeekGoals
0     e232 BotCTFRetreatGoals
0     e27c Inv_BotDestroyRetreatGoals
0     e2ef BotTeamGoals
0     e33a BotPointAreaNum
0     e379 ClientName
0     e3be ClientSkin
0     e406 Inv_UnifyName
0     e4bb ClientFromName
0     e537 ClientOnSameTeamFromName
0     e5c3 stristr
0     e625 EasyClientName
0     e7b6 BotSynonymContext
0     e7e4 BotChooseWeapon
0     e975 BotSetupForMovement
0     ea29 BotCheckItemPickup
0     ea2c BotUpdateInventory
0     ed5b BotUpdateBattleInventory
0     eda1 BotBattleUseItems
0     eddd BotSetTeleportTime
0     ee08 BotIsDead
0     ee1d BotIsObserver
0     ee44 BotIntermission
0     ee69 BotInLavaOrSlime
0     ee83 BotCreateWayPoint
0     eee1 BotFindWayPoint
0     ef0c BotFreeWaypoints
0     ef2b BotInitWaypoints
0     ef4f TeamPlayIsOn
0     ef61 BotAggression
0     f07a BotFeelingBad
0     f0bb BotWantsToRetreat
0     f1fc BotWantsToChase
0     f25f BotWantsToHelp
0     f264 BotCanAndWantsToRocketJump
0     f2cb BotHasPersistantPowerupAndWeapon
0     f39d BotGoCamp
0     f419 BotWantsToCamp
0     f55b BotDontAvoid
0     f58f BotGoForPowerups
0     f5c0 BotRoamGoal
0     f75d BotAttackMove
0     fb12 BotSameTeam
0     fb67 InFieldOfVision
0     fbe9 BotEntityVisible
0     fe4b BotFindEnemy
0    102e8 BotTeamFlagCarrierVisible
0    10363 BotTeamFlagCarrier
0    103b5 BotEnemyFlagCarrierVisible
0    1042e BotVisibleTeamMatesAndEnemies
0    10506 BotAimAtEnemy
0    10d58 BotCheckAttack
0    110cc BotMapScripts
0    112a7 BotSetMovedir
0    112e2 BotModelMinsMaxs
0    113da BotFuncButtonActivateGoal
0    118fd BotFuncDoorActivateGoal
0    119cd BotTriggerMultipleActivateGoal
0    11b1c BotPopFromActivateGoalStack
0    11b57 BotPushOntoActivateGoalStack
0    11bf0 BotClearActivateGoalStack
0    11c02 BotEnableActivateGoalAreas
0    11c52 BotIsGoingToActivateEntity
0    11cc0 BotGetActivateGoal
0    12157 BotGoForActivateGoal
0    121aa BotPrintActivateGoalInfo
0    1222c BotRandomMove
0    1226d BotAIBlocked
0    12450 BotAIPredictObstacles
0    1254b BotCheckConsoleMessages
0    12756 BotCheckForGrenades
0    12784 BotCheckEvents
0    129bd BotCheckSnapshot
0    12a28 BotCheckAir
0    12a4a BotAlternateRoute
0    12aad BotGetAlternateRouteGoal
0    12b51 BotSetupAlternativeRouteGoals
0    12b5d BotDeathmatchAI
0    12dc5 BotSetEntityNumForGoalWithModel
0    12e4d BotSetEntityNumForGoal
0    12ec1 BotGoalForBSPEntity
0    12f59 Inv_GetFlagItem
0    1307f BotSetupDeathmatchAI
0    1316e BotShutdownDeathmatchAI
0    13174 BotValidTeamLeader
0    131b8 BotNumTeamMates
0    1321f BotClientTravelTimeToGoal
0    13250 BotSortTeamMatesByBaseTravelTime
0    1335e BotSetTeamMateTaskPreference
0    13380 BotGetTeamMateTaskPreference
0    133b7 BotSortTeamMatesByTaskPreference
0    134b7 BotSayTeamOrderAlways
0    13506 BotSayTeamOrder
0    13512 BotVoiceChat
0    13515 BotVoiceChatOnly
0    13518 BotSayVoiceTeamOrder
0    1351b BotCTFOrders_BothFlagsNotAtBase
0    137e0 BotCTFOrders_FlagNotAtBase
0    13b58 BotCTFOrders_BothFlagsAtBase
0    13f23 BotCTFOrders_EnemyFlagNotAtBase
0    1423d BotCTFOrders
0    142a5 BotCreateGroup
0    14307 Inv_AttackBase
0    14334 Inv_BotDestroyOrders
0    1449f BotTeamOrders
0    145bd FindHumanTeamLeader
0    14642 BotTeamAI
0    148e7 BotAI_Print
0    14941 BotAI_Trace
0    149af BotAI_GetClientState
0    149e0 BotAI_GetEntityState
0    14a25 BotAI_GetSnapshotEntity
0    14a56 BotAI_BotInitialChat
0    14ad8 BotTestAAS
0    14b4f BotReportStatus
0    14cf6 BotTeamplayReport
0    14dcb BotSetInfoConfigString
0    14f4e BotUpdateInfoConfigStrings
0    14faf BotInterbreedBots
0    15088 BotWriteInterbreeded
0    150f0 BotInterbreedEndMatch
0    1512a BotInterbreeding
0    151c1 BotEntityInfo
0    151cd NumBots
0    151d3 BotTeamLeader
0    15203 AngleDifference
0    1522b BotChangeViewAngle
0    15297 BotChangeViewAngles
0    154a2 BotInputToUserCommand
0    1577e BotUpdateInput
0    1583b BotAIRegularUpdate
0    1584c RemoveColorEscapeSequences
0    158c0 BotAI
0    15af3 BotScheduleBotThink
0    15b32 BotWriteSessionData
0    15bc2 BotReadSessionData
0    15c3f BotAISetupClient
0    15e80 BotAIShutdownClient
0    15f1f BotResetState
0    16038 BotAILoadMap
0    16089 BotAIStartFrame
0    16487 BotInitLibrary
0    16666 BotAISetup
0    16710 BotAIShutdown
0    1674e BotNumActivePlayers
0    167a7 BotIsFirstInRankings
0    1680e BotIsLastInRankings
0    16875 BotFirstClientInRankings
0    168e9 BotLastClientInRankings
0    1695d BotRandomOpponentName
0    16a24 BotMapTitle
0    16a45 BotWeaponNameForMeansOfDeath
0    16a96 BotRandomWeaponName
0    16ae7 BotVisibleEnemies
0    16b74 BotValidChatPosition
0    16c3d BotChat_EnterGame
0    16cf3 BotChat_ExitGame
0    16d9a BotChat_StartLevel
0    16e41 BotChat_EndLevel
0    16f96 BotChat_Death
0    1721b BotChat_Kill
0    1737e BotChat_EnemySuicide
0    17437 BotChat_HitTalking
0    17523 BotChat_HitNoDeath
0    1762c BotChat_HitNoKill
0    17709 BotChat_Random
0    17899 BotChatTime
0    178b2 BotChatTest
0    18166 BotGetItemTeamGoal
0    1819a BotGetMessageTeamGoal
0    181d7 BotGetTime
0    18256 FindClientByName
0    182c9 FindEnemyByName
0    1835c NumPlayersOnSameTeam
0    183af BotGetPatrolWaypoints
0    184e7 BotAddressedToBot
0    18600 BotGPSToPosition
0    18698 BotMatch_HelpAccompany
0    188d1 BotMatch_DefendKeyArea
0    18987 BotMatch_GetItem
0    18a1f BotMatch_Camp
0    18bec BotMatch_Patrol
0    18c88 BotMatch_GetFlag
0    18d2c BotMatch_AttackEnemyBase
0    18ddf BotMatch_RushBase
0    18e67 BotMatch_TaskPreference
0    18f2f BotMatch_ReturnFlag
0    18faa BotMatch_JoinSubteam
0    19015 BotMatch_LeaveSubteam
0    19080 BotMatch_WhichTeam
0    190de BotMatch_CheckPoint
0    19240 BotMatch_FormationSpace
0    1929e BotMatch_Dismiss
0    19302 BotMatch_Suicide
0    19356 BotMatch_StartTeamLeaderShip
0    193d0 BotMatch_StopTeamLeaderShip
0    19441 BotMatch_WhoIsTeamLeader
0    19475 BotMatch_WhatAreYouDoing
0    1958c BotMatch_WhatIsMyCommand
0    195b3 BotNearestVisibleItem
0    19650 BotMatch_WhereAreYou
0    1978a BotMatch_LeadTheWay
0    198e8 BotMatch_Kill
0    19985 BotMatch_CTF
0    19a66 BotMatch_EnterGame
0    19a8b BotMatch_NewLeader
0    19ac0 BotMatchMessage
0    19c2e BotVoiceChat_GetFlag
0    19cac BotVoiceChat_Offense
0    19d13 BotVoiceChat_Defend
0    19d9b BotVoiceChat_DefendFlag
0    19daa BotVoiceChat_Patrol
0    19dee BotVoiceChat_Camp
0    19ec9 BotVoiceChat_FollowMe
0    19fb1 BotVoiceChat_FollowFlagCarrier
0    19fcf BotVoiceChat_ReturnFlag
0    1a024 BotVoiceChat_StartLeader
0    1a034 BotVoiceChat_StopLeader
0    1a060 BotVoiceChat_WhoIsLeader
0    1a0aa BotVoiceChat_WantOnDefense
0    1a10d BotVoiceChat_WantOnOffense
0    1a170 BotVoiceChat_Dummy
0    1a173 BotVoiceChatCommand
0    1a2b1 Inv_GetGoalPosition
0    1a31b Inv_SendRadar
0    1a3dc P_DamageFeedback
0    1a49f P_WorldEffects
0    1a646 G_SetClientSound
0    1a677 ClientImpacts
0    1a71a G_TouchTriggers
0    1a8fc SpectatorThink
0    1aa4f ClientInactivityTimer
0    1aaf7 ClientTimerActions
0    1ad67 ClientIntermissionThink
0    1adc2 ClientEvents
0    1afbe SendPendingPredictableEvents
0    1b06a ClientThink_real
0    1b453 ClientThink
0    1b48e G_RunClient
0    1b4b5 SpectatorClientEndFrame
0    1b5d6 ClientEndFrame
0    1b6c6 UpdateTournamentInfo
0    1b80e SpawnModelOnVictoryPad
0    1ba02 CelebrateStop
0    1ba2c CelebrateStart
0    1ba5f PodiumPlacementThink
0    1bcfb SpawnPodium
0    1bdd8 SpawnModelsOnVictoryPads
0    1be7a Svcmd_AbortPodium_f
0    1be94 trap_Cvar_VariableValue
0    1beaa G_ParseInfos
0    1bf98 G_LoadArenasFromFile
0    1c018 G_LoadArenas
0    1c0c2 G_GetArenaInfoByMap
0    1c0fd PlayerIntroSound
0    1c14e G_AddRandomBot
0    1c2bb G_RemoveRandomBot
0    1c327 G_CountHumanPlayers
0    1c37a G_CountBotPlayers
0    1c3f7 G_CheckMinimumPlayers
0    1c52b G_CheckBotSpawn
0    1c58b AddBotToSpawnQueue
0    1c5c8 G_RemoveQueuedBotBegin
0    1c5ec G_BotConnect
0    1c678 G_AddBot
0    1c8e4 Svcmd_AddBot_f
0    1c980 Svcmd_BotList_f
0    1ca34 G_SpawnBots
0    1cae6 G_LoadBotsFromFile
0    1cb66 G_LoadBots
0    1cbf3 G_GetBotInfoByNumber
0    1cc1e G_GetBotInfoByName
0    1cc5d G_InitBots
0    1cd4c SP_info_player_deathmatch
0    1cd85 SP_info_player_start
0    1cd94 SP_info_player_intermission
0    1cd97 SpotWouldTelefrag
0    1ce18 SelectNearestDeathmatchSpawnPoint
0    1ce7c SelectRandomDeathmatchSpawnPoint
0    1cedc SelectRandomFurthestSpawnPoint
0    1d04c SelectSpawnPoint
0    1d05f SelectInitialSpawnPoint
0    1d0c4 SelectSpectatorSpawnPoint
0    1d0d4 InitBodyQue
0    1d107 BodySink
0    1d139 BodyRadiate
0    1d1b2 CopyToBodyQue
0    1d40a SetClientViewAngle
0    1d462 respawn
0    1d4ed TeamCount
0    1d52e TeamLeader
0    1d56f PickTeam
0    1d5a9 ClientCleanName
0    1d69e ClientUserinfoChanged
0    1da25 ClientConnect
0    1db56 ClientBegin
0    1ddb6 ClientSpawn
0    1e14e ClientDisconnect
0    1e267 DeathmatchScoreboardMessage
0    1e395 Cmd_Score_f
0    1e39e CheatsOk
0    1e3dc ConcatArgs
0    1e447 SanitizeString
0    1e499 ClientNumberFromString
0    1e565 Cmd_Give_f
0    1e72c Cmd_God_f
0    1e771 Cmd_Notarget_f
0    1e7b6 Cmd_Noclip_f
0    1e809 Cmd_LevelShot_f
0    1e83a Cmd_TeamTask_f
0    1e893 Cmd_Kill_f
0    1e8e5 BroadcastTeamChange
0    1e961 SetTeam
0    1ec46 StopFollowing
0    1eccd Cmd_Team_f
0    1edae Cmd_Follow_f
0    1ee5c Cmd_FollowCycle_f
0    1ef11 G_SayTo
0    1efa2 G_Say
0    1f104 Cmd_Say_f
0    1f13d Cmd_Tell_f
0    1f1e7 G_VoiceTo
0    1f25d G_Voice
0    1f2c1 Cmd_Voice_f
0    1f2fd Cmd_VoiceTell_f
0    1f3ad Cmd_VoiceTaunt_f
0    1f56c Cmd_GameCommand_f
0    1f5e1 Cmd_Where_f
0    1f603 Cmd_CallVote_f
0    1f8ca Cmd_Vote_f
0    1f980 Cmd_CallTeamVote_f
0    1fca6 Cmd_TeamVote_f
0    1fd95 Cmd_SetViewpos_f
0    1fe22 InvasionGetArgMax
0    1fe4d Cmd_SetMarineSelection
0    1fe9e Cmd_SetAlienSelection
0    1fee0 Cmd_DropMaingun
0    1ffa7 Cmd_Stats_f
0    1ffaa ClientCommand
0    202e5 AddScore
0    20338 TossClientItems
0    203f5 LookAtKiller
0    204c7 GibEntity
0    20532 body_die
0    2055d CheckAlmostCapture
0    2063e CheckAlmostScored
0    206d9 player_die
0    20bf9 CheckArmor
0    20c9c ComputeKnockback
0    20d75 RaySphereIntersections
0    20f1f G_Damage
0    2133a CanDamage
0    21465 G_RadiusDamage
0    2161a Pickup_Powerup
0    2176d Pickup_Holdable
0    2179e Add_Ammo
0    217d5 Pickup_Ammo
0    21806 Pickup_Weapon
0    21887 Pickup_Health
0    2190d Pickup_Armor
0    21951 RespawnItem
0    21a89 Touch_Item
0    21cc2 Touch_Item_Dummy
0    21cd1 Touch_Item_On
0    21d05 LaunchItem
0    21e14 Drop_Item
0    21e81 Use_Item
0    21e8a FinishSpawningItem
0    2201f G_CheckTeamItems
0    220b3 ClearRegisteredItems
0    220d7 RegisterItem
0    220ef SaveRegisteredItems
0    22137 G_ItemDisabled
0    22150 G_SpawnItem
0    222ed G_BounceItem
0    2244f G_RunItem
0    2253d G_Alloc
0    22588 G_InitMemory
0    2258e Svcmd_GameMem_f
0    2259b SP_info_camp
0    225ad SP_info_null
0    225b6 SP_info_notnull
0    225c8 SP_light
0    225d1 TeleportPlayer
0    226fc SP_misc_teleporter_dest
0    226ff SP_misc_model
0    22708 locateCamera
0    227e7 SP_misc_portal_surface
0    22859 SP_misc_portal_camera
0    228af Use_Shooter
0    229ee InitShooter_Finish
0    22a12 InitShooter
0    22a80 SP_shooter_rocket
0    22a8b SP_shooter_plasma
0    22a96 SP_shooter_Flame
0    22aa1 SP_shooter_grenade
0    22aac G_BounceMissile
0    22bc3 G_ExplodeMissile
0    22ca0 G_MissileImpact
0    2304e G_RunMissile
0    2313b fire_plasma
0    23258 G_FlameThink
0    232c5 fire_Flame
0    2340b fire_grenade
0    23505 fire_bfg
0    23606 fire_rocket
0    236e3 fire_grapple
0    237ba BloomyExplosion
0    238b3 G_TestEntityPosition
0    23930 G_CreateRotationMatrix
0    23952 G_TransposeMatrix
0    23993 G_RotatePoint
0    239ff G_TryPushingEntity
0    23caa G_CheckProxMinePosition
0    23d47 G_TryPushingProxMine
0    23e79 G_MoverPush
0    241a3 G_MoverTeam
0    242d6 G_RunMover
0    24307 SetMoverState
0    24446 MatchTeam
0    24466 ReturnToPos1
0    2449b Inv_WaitUnload
0    244aa Inv_Reverse
0    24511 Reached_BinaryMover
0    24626 Use_BinaryMover
0    2482b InitMover
0    249c0 Blocked_Door
0    24a4e Touch_DoorTriggerSpectator
0    24a51 Touch_DoorTrigger
0    24aa3 Think_SpawnNewDoorTrigger
0    24b9e Think_MatchTeam
0    24bb4 SP_func_door
0    24d72 Touch_Plat
0    24e03 Touch_PlatCenterTrigger
0    24e69 SpawnPlatTrigger
0    24f49 SP_func_plat
0    25062 Touch_Button
0    25085 SP_func_button
0    251c3 Think_BeginMoving
0    251d3 Reached_Train
0    252b8 Think_SetupTrainTargets
0    2536f SP_path_corner
0    25390 SP_func_train
0    25425 SP_func_static
0    25458 SP_func_rotating
0    254fe SP_func_bobbing
0    255b0 SP_func_pendulum
0    25669 G_WriteClientSessionData
0    25703 G_ReadSessionData
0    257b1 G_InitSessionData
0    25874 G_InitWorldSession
0    258b9 G_WriteSessionData
0    2590d G_SpawnString
0    25951 G_SpawnFloat
0    25973 G_SpawnInt
0    25995 G_SpawnVector
0    259c4 SP_item_botroam
0    259c7 G_CallSpawn
0    25aae G_NewString
0    25b32 G_ParseField
0    25c1a G_SpawnGEntityFromSpawnVars
0    25d05 G_AddSpawnVarToken
0    25d46 G_ParseSpawnVars
0    25dd6 SP_worldspawn
0    25e9e G_SpawnEntitiesFromString
0    25ec7 StringToFilter
0    25f7a UpdateIPBans
0    25fd2 G_FilterPacket
0    26082 AddIP
0    260d8 G_ProcessIPBans
0    2612e Svcmd_AddIP_f
0    2614e Svcmd_RemoveIP_f
0    261b6 Svcmd_EntityList_f
0    26270 ClientForString
0    26307 Svcmd_ForceTeam_f
0    26341 ConsoleCommand
0    26444 Use_Target_Give
0    2649e SP_target_give
0    264a7 Use_target_remove_powerups
0    2650b SP_target_remove_powerups
0    26514 Think_Target_Delay
0    26527 Use_Target_Delay
0    26562 SP_target_delay
0    26595 Use_Target_Score
0    265ad SP_target_score
0    265c3 Use_Target_Print
0    2664a SP_target_print
0    26653 Use_Target_Speaker
0    266c6 SP_target_speaker
0    267c3 target_laser_think
0    2691f target_laser_on
0    2693a target_laser_off
0    26949 target_laser_use
0    26968 target_laser_start
0    269f9 SP_target_laser
0    26a0b target_teleporter_use
0    26a40 SP_target_teleporter
0    26a67 target_relay_use
0    26af8 SP_target_relay
0    26b01 target_kill_use
0    26b22 SP_target_kill
0    26b2b SP_target_position
0    26b3d target_location_linkup
0    26bad SP_target_location
0    26bce Team_InitGame
0    26c01 OtherTeam
0    26c17 TeamName
0    26c34 OtherTeamName
0    26c51 TeamColorString
0    26c6e PrintMsg
0    26cc4 OnSameTeam
0    26d0c AddTeamScore
0    26d97 Team_SetFlagStatus
0    26e0b Team_CheckDroppedItem
0    26e45 Team_ForceGesture
0    26e8a Team_FragBonuses
0    27499 Team_CheckHurtCarrier
0    2752f Team_ResetFlag
0    275b5 Team_ResetFlags
0    275ca Team_ReturnFlagSound
0    27607 Team_TakeFlagSound
0    27676 Team_CaptureFlagSound
0    276b3 Team_ReturnFlag
0    276e8 Team_FreeEntity
0    2771c Team_DroppedFlagThink
0    2775d Team_TouchOurFlag
0    27a1f Team_TouchEnemyFlag
0    27abd Pickup_Team
0    27b47 Team_GetLocation
0    27bc1 Team_GetLocationMsg
0    27c28 SelectRandomTeamSpawnPoint
0    27cc4 SelectCTFSpawnPoint
0    27d09 SP_team_CTF_redplayer
0    27d0c SP_team_CTF_blueplayer
0    27d0f SP_team_CTF_redspawn
0    27d12 SP_team_CTF_bluespawn
0    27d15 InitTrigger
0    27d54 multi_wait
0    27d5d multi_trigger
0    27e0a Use_Multi
0    27e16 Touch_Multi
0    27e2b SP_trigger_multiple
0    27e8a trigger_always_think
0    27ea0 SP_trigger_always
0    27eb2 trigger_push_touch
0    27eca AimAtTarget
0    27fcf SP_trigger_push
0    2800c Use_target_push
0    2805b SP_target_push
0    28119 trigger_teleporter_touch
0    2816f SP_trigger_teleport
0    281b6 hurt_use
0    281ce hurt_touch
0    2824d SP_trigger_hurt
0    2829a func_timer_think
0    282d8 func_timer_use
0    282f7 SP_func_timer
0    28371 AddRemap
0    283e0 BuildShaderStateConfig
0    28426 G_FindConfigstringIndex
0    28492 G_ModelIndex
0    284a5 G_SoundIndex
0    284b8 G_TeamCommand
0    284f6 G_Find
0    28545 G_PickTarget
0    285ab G_UseTargets
0    2864a tv
0    28678 vtos
0    286b4 G_SetMovedir
0    28709 vectoyaw
0    28763 G_InitGentity
0    28785 G_Spawn
0    28833 G_EntitiesFree
0    2885e G_FreeEntity
0    2888d G_TempEntity
0    288db G_KillBox
0    289a7 G_AddPredictableEvent
0    289c2 G_AddEvent
0    28a3b G_Sound
0    28a54 G_SetOrigin
0    28a93 DebugLine
0    28b96 G_BounceProjectile
0    28c55 Inv_CalcMuzzlePoint
0    28d23 Weapon_Gauntlet
0    28d37 CheckGauntletAttack
0    28f63 SnapVectorTowards
0    28fac Bullet_Fire
0    29135 BFG_Fire
0    291a2 ShotgunPellet
0    29229 ShotgunPattern
0    29336 weapon_supershotgun_fire
0    293f8 weapon_grenadelauncher_fire
0    2943c Weapon_RocketLauncher_Fire
0    29470 Weapon_Plasmagun_Fire
0    294a7 Weapon_FlameThrower_Fire
0    29581 weapon_railgun_fire
0    29709 Weapon_GrapplingHook_Fire
0    29734 Weapon_HookFree
0    2975d Weapon_HookThink
0    297e3 Weapon_LightningFire
0    298e6 LogAccuracyHit
0    29935 CalcMuzzlePoint
0    299bf CalcMuzzlePointOrigin
0    29a49 FireWeapon
0    29bdf Inv_SetDestroyableEgg
0    29cec Inv_1stEggInTeam
0    29d13 Inv_ComputeDestroyGoals
0    29dda Inv_EggDie
0    29f04 Inv_GetClosestEgg
0    29ff9 Inv_GetNearestDestroyGoal
0    2a17e Inv_DestroyInit
0    2a184 InvasionCheckAllEntities
0    2a254 InvasionStart
0    2a2c6 InvasionSetMarineTeam
0    2a2e0 InvasionSetPeriod
0    2a30e SetEverybodyBaseTeam
0    2a350 SwapEverybodyBaseTeam
0    2a391 InvasionFinishRound
0    2a408 Inv_WinSound
0    2a448 InvasionWin
0    2a4ac InvasionMain
0    2a5d6 Inv_SendServerCommand
0    2a613 InvasionSendInfo
0    2a63e InvasionUpdateClientSideStat
0    2a83d NbMemberAlive
0    2a87d InvasionSetDroppedGoal
0    2a8f1 InvasionPlayerDie
0    2a93c InvasionRespawn
0    2a9e0 InvasionNormalRespawn
0    2a9ee InvasionGiveWeapon
0    2aa39 InvasionInitMarine
0    2aac0 InvasionInitAlien
0    2ab69 InvasionCanUseModel
0    2abe2 InvasionGetDefaultModel
0    2ac13 InvasionCheckModel
1        4 gameCvarTable
1      598 gameCvarTableSize
1      5cc AlienModel
1      5e0 MaleMarineModel
1      5f4 FemaleMarineModel
1      608 bg_itemlist
1      ef8 bg_numItems
1      f50 eventnames
1     1080 acostable
1     2080 randSeed
1     20f4 pm_stopspeed
1     20f8 pm_duckScale
1     20fc pm_InvduckScale
1     2100 pm_swimScale
1     2104 pm_wadeScale
1     2108 pm_LadderScale
1     210c pm_accelerate
1     2110 pm_airaccelerate
1     2114 pm_wateraccelerate
1     2118 pm_flyaccelerate
1     211c pm_LadderAccelerate
1     2120 pm_friction
1     2124 pm_waterfriction
1     2128 pm_flightfriction
1     212c pm_spectatorfriction
1     2130 pm_Ladderfriction
1     2134 c_pmove
1     2138 InvasionMarineJumpTime
1     2148 InvasionAlienJumpTime
1     2158 InvasionAlienJumpAcc
1     2168 Inv_MarineCharger
1     219c Inv_ReloadTime
1     21d0 JumpTime
1     21d4 WallWalk
1     2228 vec3_origin
1     2234 axisDefault
1     2258 colorBlack
1     2268 colorRed
1     2278 colorGreen
1     2288 colorBlue
1     2298 colorYellow
1     22a8 colorMagenta
1     22b8 colorCyan
1     22c8 colorWhite
1     22d8 colorLtGrey
1     22e8 colorMdGrey
1     22f8 colorDkGrey
1     2308 g_color_table
1     2388 bytedirs
1     2bd8 VEC_UP
1     2be4 MOVEDIR_UP
1     2bf0 VEC_DOWN
1     2bfc MOVEDIR_DOWN
1     3008 voiceCommands
1     309c offsetFirst
1     30a8 offsetSecond
1     30b4 offsetThird
1     30c0 playerMins
1     30cc playerMaxs
1     3100 gc_orders
1     311c gameNames
1     313c modNames
1     3224 DirtyUrgent
1     3228 fields
1     3378 spawns
1     35a4 remapCount
1     3614 InvArmorSpeed
1     3624 InvAlienSpeed
1     3634 InvArmorProtection
1     3644 InvMarineArmorMax
1     3654 InvMarineWeaponAmmunitions
1     3688 MarineGoalClassName
1     368c MarineGoalPickupName
1     3690 AlienGoalClassName
1     3694 AlienGoalPickupName
1     3698 InvasionGoal
1     36a8 GetDroppedGoal
1     36ac FinishedToSend
1     36b0 TeamEgg
1     36b4 NumEgg
1     36b8 NbTeamEgg
1     36bc EggLeft
2     1f14 NumToAlpha
2     6645 ctfFlagStatusRemap
2     664a oneFlagStatusRemap
2   14d710 _stackStart
2   15d710 _stackEnd
3        0 g_listEntity
3      110 g_podiumDrop
3      220 g_podiumDist
3      330 g_logSync
3      440 g_log
3      550 g_clients
3     ea50 g_rankings
3     eb60 pmove_msec
3     ec70 pmove_fixed
3     ed80 g_smoothClients
3     ee90 g_filterBan
3     efa0 g_banIPs
3     f0b0 g_teamForceBalance
3     f1c0 g_teamAutoJoin
3     f2d0 g_allowVote
3     f3e0 g_blood
3     f4f0 g_doWarmup
3     f600 g_motd
3     f710 g_synchronousClients
3     f820 g_weaponTeamRespawn
3     f930 g_weaponRespawn
3     fa40 g_debugDamage
3     fb50 g_debugAlloc
3     fc60 g_debugMove
3     fd70 g_inactivity
3     fe80 g_forcerespawn
3     ff90 g_quadfactor
3    100a0 g_knockback
3    101b0 g_speed
3    102c0 g_gravity
3    103d0 g_needpass
3    104e0 g_password
3    105f0 g_friendlyFire
3    10700 g_capturelimit
3    10810 g_timelimit
3    10920 g_fraglimit
3    10a30 g_dmflags
3    10b40 g_restarted
3    10c50 g_maxGameClients
3    10d60 g_maxclients
3    10e70 g_cheats
3    10f80 g_dedicated
3    11090 g_gametype
3    111a0 g_entities
3    db1a0 level
3    dd608 MarineArmor
3    dd60c AlienRace
3    dd610 InvI
3    dd614 pml
3    dd6a4 pm
3    dd6a8 Gravity
3    f30d2 AlphaToNum
3    f31d4 com_lines
3    f31d8 com_parsename
3    f35d8 com_token
3    f39d8 nodeswitch
3    f5688 numnodeswitches
3    f5694 blue_numaltroutegoals
3    f5698 blue_altroutegoals
3    f5998 red_numaltroutegoals
3    f599c red_altroutegoals
3    f5c9c altroutegoals_setup
3    f5ca0 max_bspmodelindex
3    f5ca4 lastteleport_time
3    f5ca8 lastteleport_origin
3    f5cb4 g_spSkill
3    f5dc4 bot_predictobstacles
3    f5ed4 botai_freewaypoints
3    f5ed8 botai_waypoints
3    f90d8 ctf_blueflag
3    f9110 ctf_redflag
3    f9148 bot_challenge
3    f9258 bot_testrchat
3    f9368 bot_nochat
3    f9478 bot_fastchat
3    f9588 bot_rocketjump
3    f9698 bot_grapple
3    f97a8 maxclients
3    f97ac gametype
3    f97c0 ctftaskpreferences
3    fa1cc bot_interbreedwrite
3    fa2dc bot_interbreedcycle
3    fa3ec bot_interbreedbots
3    fa4fc bot_interbreedchar
3    fa60c bot_developer
3    fa71c bot_testclusters
3    fa82c bot_testsolid
3    fa93c bot_report
3    faa4c bot_pause
3    fab5c bot_saveroutingcache
3    fac6c bot_memorydump
3    fad7c bot_thinktime
3    fae8c bot_interbreedmatchcount
3    fae90 bot_interbreed
3    fae94 regularupdate_time
3    fae98 numbots
3    fae9c botstates
3    faf9c floattime
3    fb0a4 notleader
3    fb1a4 podium3
3    fb1a8 podium2
3    fb1ac podium1
3    fb1b4 bot_minplayers
3    fb2c4 botSpawnQueue
3    fb344 g_arenaInfos
3    fc344 g_numArenas
3    fc348 g_botInfos
3    fd348 g_numBots
3    fd750 itemRegistered
3    fdb50 allocPoint
3    fdb54 memoryPool
3   13db54 pushed_p
3   13db58 pushed
3   145b58 numIPFilters
3   145b5c ipFilters
3   147b5c neutralObelisk
3   147b60 teamgame
3   148cec remappedShaders
3   14ceec muzzle
3   14cef8 up
3   14cf04 right
3   14cf10 forward
3   14cf1c s_quadFactor
3   14cf20 Eggs
3   14d0b0 g_InvAutoMode
3   14d1c0 g_InvEggHealth
3   14d2d0 g_InvAnarchy
3   14d3e0 g_InvWarmUp
3   14d4f0 g_InvRoundTime
3   14d600 g_InvSwapPeriod
